Component: ARM Compiler 5.05 update 1 (build 106) Tool: armlink [4d0efa]

==============================================================================

Section Cross References

    ht32f5xxxx_01_it.o(i.SysTick_Handler) refers to tasks.o(i.xTaskGetSchedulerState) for xTaskGetSchedulerState
    ht32f5xxxx_01_it.o(i.SysTick_Handler) refers to port.o(i.xPortSysTickHandler) for xPortSysTickHandler
    main.o(i.main) refers to gpio.o(i.GPIO_Configuration) for GPIO_Configuration
    main.o(i.main) refers to ads1115.o(i.ADS1115_GPIO_Init) for ADS1115_GPIO_Init
    main.o(i.main) refers to usart1.o(i.USART1_Configuration) for USART1_Configuration
    main.o(i.main) refers to usart0.o(i.USART0_Configuration) for USART0_Configuration
    main.o(i.main) refers to uart1.o(i.UART1_Configuration) for UART1_Configuration
    main.o(i.main) refers to uart0.o(i.UART0_Configuration) for UART0_Configuration
    main.o(i.main) refers to usart1.o(i.USART1_SendByte) for USART1_SendByte
    main.o(i.main) refers to printfa.o(i.__0printf) for __2printf
    main.o(i.main) refers to usarthmi.o(i.HMI_send_string) for HMI_send_string
    main.o(i.main) refers to led.o(i.LED1_Turn_On) for LED1_Turn_On
    main.o(i.main) refers to delay.o(i.Delay_ms) for Delay_ms
    main.o(i.main) refers to led.o(i.LED1_Turn_Off) for LED1_Turn_Off
    main.o(i.main) refers to freertos_demo.o(i.freertos_start) for freertos_start
    main.o(i.main) refers to 4g.o(.data) for week
    gpio.o(i.GPIO_Configuration) refers to ht32f5xxxx_ckcu.o(i.CKCU_PeripClockConfig) for CKCU_PeripClockConfig
    gpio.o(i.GPIO_Configuration) refers to ht32f5xxxx_gpio.o(i.GPIO_DirectionConfig) for GPIO_DirectionConfig
    gpio.o(i.GPIO_Configuration) refers to ht32f5xxxx_gpio.o(i.GPIO_InputConfig) for GPIO_InputConfig
    gpio.o(i.GPIO_Configuration) refers to ht32f5xxxx_gpio.o(i.GPIO_SetOutBits) for GPIO_SetOutBits
    gpio.o(i.GPIO_Configuration) refers to ht32f5xxxx_gpio.o(i.GPIO_PullResistorConfig) for GPIO_PullResistorConfig
    gpio.o(i.GPIO_Configuration) refers to ht32f5xxxx_gpio.o(i.GPIO_ClearOutBits) for GPIO_ClearOutBits
    usart1.o(i.USART1_Configuration) refers to ht32f5xxxx_ckcu.o(i.CKCU_PeripClockConfig) for CKCU_PeripClockConfig
    usart1.o(i.USART1_Configuration) refers to ht32f5xxxx_gpio.o(i.AFIO_GPxConfig) for AFIO_GPxConfig
    usart1.o(i.USART1_Configuration) refers to ht32f5xxxx_usart.o(i.USART_Init) for USART_Init
    usart1.o(i.USART1_Configuration) refers to ht32f5xxxx_usart.o(i.USART_TxRxCmd) for USART_TxRxCmd
    usart1.o(i.USART1_Configuration) refers to ht32f5xxxx_usart.o(i.USART_TXRXTLConfig) for USART_TXRXTLConfig
    usart1.o(i.USART1_Configuration) refers to ht32f5xxxx_usart.o(i.USART_IntConfig) for USART_IntConfig
    usart1.o(i.USART1_Configuration) refers to usart1.o(i.USART1_init_buffer) for USART1_init_buffer
    usart1.o(i.USART1_GetRxFlag) refers to usart1.o(.data) for .data
    usart1.o(i.USART1_IRQHandler) refers to ht32f5xxxx_usart.o(i.USART_GetFlagStatus) for USART_GetFlagStatus
    usart1.o(i.USART1_IRQHandler) refers to ht32f5xxxx_usart.o(i.USART_ReceiveData) for USART_ReceiveData
    usart1.o(i.USART1_IRQHandler) refers to 4g.o(i.Find_key) for Find_key
    usart1.o(i.USART1_IRQHandler) refers to memseta.o(.text) for __aeabi_memclr
    usart1.o(i.USART1_IRQHandler) refers to printfa.o(i.__0printf) for __2printf
    usart1.o(i.USART1_IRQHandler) refers to strcmp.o(.text) for strcmp
    usart1.o(i.USART1_IRQHandler) refers to strcpy.o(.text) for strcpy
    usart1.o(i.USART1_IRQHandler) refers to wl-125.o(i.print_today_course_table) for print_today_course_table
    usart1.o(i.USART1_IRQHandler) refers to 4g.o(.data) for key_number
    usart1.o(i.USART1_IRQHandler) refers to usart1.o(.data) for .data
    usart1.o(i.USART1_IRQHandler) refers to usart1.o(.bss) for .bss
    usart1.o(i.USART1_IRQHandler) refers to wl-125.o(.data) for is_inputting
    usart1.o(i.USART1_SendByte) refers to ht32f5xxxx_usart.o(i.USART_SendData) for USART_SendData
    usart1.o(i.USART1_SendByte) refers to ht32f5xxxx_usart.o(i.USART_GetFlagStatus) for USART_GetFlagStatus
    usart1.o(i.USART1_analyzer_data) refers to usart1.o(.bss) for .bss
    usart1.o(i.USART1_init_buffer) refers to usart1.o(.bss) for .bss
    usart1.o(i.USART1_test) refers to usart1.o(i.USART1_tx_data) for USART1_tx_data
    usart1.o(i.USART1_tx_data) refers to ht32f5xxxx_usart.o(i.USART_IntConfig) for USART_IntConfig
    usart1.o(i.USART1_tx_data) refers to usart1.o(.bss) for .bss
    usart1.o(i.fgetc) refers to ht32f5xxxx_usart.o(i.USART_GetFlagStatus) for USART_GetFlagStatus
    usart1.o(i.fgetc) refers to ht32f5xxxx_usart.o(i.USART_ReceiveData) for USART_ReceiveData
    usart1.o(i.fputc) refers to ht32f5xxxx_usart.o(i.USART_SendData) for USART_SendData
    usart1.o(i.fputc) refers to ht32f5xxxx_usart.o(i.USART_GetFlagStatus) for USART_GetFlagStatus
    systick.o(i.SysTick_Configuration) refers to ht32_cm0plus_misc.o(i.SYSTICK_ClockSourceConfig) for SYSTICK_ClockSourceConfig
[...]
    i.prvInsertTimerInActiveList             0x000043d0   Section        0  timers.o(i.prvInsertTimerInActiveList)
    prvInsertTimerInActiveList               0x000043d1   Thumb Code    52  timers.o(i.prvInsertTimerInActiveList)
    i.prvIsQueueEmpty                        0x00004408   Section        0  queue.o(i.prvIsQueueEmpty)
    prvIsQueueEmpty                          0x00004409   Thumb Code    28  queue.o(i.prvIsQueueEmpty)
    i.prvProcessExpiredTimer                 0x00004424   Section        0  timers.o(i.prvProcessExpiredTimer)
    prvProcessExpiredTimer                   0x00004425   Thumb Code    56  timers.o(i.prvProcessExpiredTimer)
    i.prvProcessReceivedCommands             0x00004460   Section        0  timers.o(i.prvProcessReceivedCommands)
    prvProcessReceivedCommands               0x00004461   Thumb Code   216  timers.o(i.prvProcessReceivedCommands)
    i.prvProcessTimerOrBlockTask             0x0000453c   Section        0  timers.o(i.prvProcessTimerOrBlockTask)
    prvProcessTimerOrBlockTask               0x0000453d   Thumb Code    92  timers.o(i.prvProcessTimerOrBlockTask)
    i.prvReloadTimer                         0x0000459c   Section        0  timers.o(i.prvReloadTimer)
    prvReloadTimer                           0x0000459d   Thumb Code    40  timers.o(i.prvReloadTimer)
    i.prvResetNextTaskUnblockTime            0x000045c4   Section        0  tasks.o(i.prvResetNextTaskUnblockTime)
    prvResetNextTaskUnblockTime              0x000045c5   Thumb Code    26  tasks.o(i.prvResetNextTaskUnblockTime)
    i.prvSampleTimeNow                       0x000045e4   Section        0  timers.o(i.prvSampleTimeNow)
    prvSampleTimeNow                         0x000045e5   Thumb Code    62  timers.o(i.prvSampleTimeNow)
    i.prvTaskExitError                       0x00004628   Section        0  port.o(i.prvTaskExitError)
    prvTaskExitError                         0x00004629   Thumb Code    14  port.o(i.prvTaskExitError)
    i.prvTimerTask                           0x0000463c   Section        0  timers.o(i.prvTimerTask)
    prvTimerTask                             0x0000463d   Thumb Code    38  timers.o(i.prvTimerTask)
    i.prvUnlockQueue                         0x00004668   Section        0  queue.o(i.prvUnlockQueue)
    prvUnlockQueue                           0x00004669   Thumb Code   112  queue.o(i.prvUnlockQueue)
    i.pvPortMalloc                           0x000046d8   Section        0  heap_4.o(i.pvPortMalloc)
    i.pxPortInitialiseStack                  0x00004784   Section        0  port.o(i.pxPortInitialiseStack)
    i.seed_from_timestamp_and_pid            0x000047a4   Section        0  jansson_config.o(i.seed_from_timestamp_and_pid)
    i.start_task                             0x000047a8   Section        0  freertos_demo.o(i.start_task)
    i.strbuffer_append_bytes                 0x00004820   Section        0  strbuffer.o(i.strbuffer_append_bytes)
    i.strbuffer_close                        0x00004890   Section        0  strbuffer.o(i.strbuffer_close)
    i.strbuffer_init                         0x000048a8   Section        0  strbuffer.o(i.strbuffer_init)
    i.strbuffer_value                        0x000048ca   Section        0  strbuffer.o(i.strbuffer_value)
    i.string_create                          0x000048ce   Section        0  value.o(i.string_create)
    string_create                            0x000048cf   Thumb Code    62  value.o(i.string_create)
    i.task1                                  0x0000490c   Section        0  freertos_demo.o(i.task1)
    i.task2                                  0x00004948   Section        0  freertos_demo.o(i.task2)
    i.task3                                  0x000049a8   Section        0  freertos_demo.o(i.task3)
    i.test_4G                                0x000049f4   Section        0  4g.o(i.test_4G)
    i.utf8_check_first                       0x00004a34   Section        0  utf.o(i.utf8_check_first)
    i.utf8_check_full                        0x00004a70   Section        0  utf.o(i.utf8_check_full)
    i.utf8_check_string                      0x00004af8   Section        0  utf.o(i.utf8_check_string)
    i.utf8_iterate                           0x00004b36   Section        0  utf.o(i.utf8_iterate)
    i.uxListRemove                           0x00004b76   Section        0  list.o(i.uxListRemove)
    i.vApplicationStackOverflowHook          0x00004b9c   Section        0  freertos_demo.o(i.vApplicationStackOverflowHook)
    i.vListInitialise                        0x00004bbc   Section        0  list.o(i.vListInitialise)
    i.vListInitialiseItem                    0x00004bd2   Section        0  list.o(i.vListInitialiseItem)
    i.vListInsert                            0x00004bd8   Section        0  list.o(i.vListInsert)
    i.vListInsertEnd                         0x00004c08   Section        0  list.o(i.vListInsertEnd)
    i.vPortEnterCritical                     0x00004c20   Section        0  port.o(i.vPortEnterCritical)
    i.vPortExitCritical                      0x00004c38   Section        0  port.o(i.vPortExitCritical)
    i.vPortFree                              0x00004c54   Section        0  heap_4.o(i.vPortFree)
    i.vPortSetupTimerInterrupt               0x00004c9c   Section        0  port.o(i.vPortSetupTimerInterrupt)
    i.vPortYield                             0x00004cc4   Section        0  port.o(i.vPortYield)
    i.vQueueAddToRegistry                    0x00004cdc   Section        0  queue.o(i.vQueueAddToRegistry)
    i.vQueueWaitForMessageRestricted         0x00004d20   Section        0  queue.o(i.vQueueWaitForMessageRestricted)
    i.vTaskDelay                             0x00004d64   Section        0  tasks.o(i.vTaskDelay)
    i.vTaskDelete                            0x00004d94   Section        0  tasks.o(i.vTaskDelete)
    i.vTaskInternalSetTimeOutState           0x00004e14   Section        0  tasks.o(i.vTaskInternalSetTimeOutState)
    i.vTaskMissedYield                       0x00004e24   Section        0  tasks.o(i.vTaskMissedYield)
    i.vTaskPlaceOnEventList                  0x00004e30   Section        0  tasks.o(i.vTaskPlaceOnEventList)
    i.vTaskPlaceOnEventListRestricted        0x00004e54   Section        0  tasks.o(i.vTaskPlaceOnEventListRestricted)
    i.vTaskStartScheduler                    0x00004e9c   Section        0  tasks.o(i.vTaskStartScheduler)
    i.vTaskSuspendAll                        0x00004ef4   Section        0  tasks.o(i.vTaskSuspendAll)
    i.vTaskSwitchContext                     0x00004f04   Section        0  tasks.o(i.vTaskSwitchContext)
    i.xPortStartScheduler                    0x00004f70   Section        0  port.o(i.xPortStartScheduler)
    i.xPortSysTickHandler                    0x00004fa0   Section        0  port.o(i.xPortSysTickHandler)
    i.xQueueGenericCreate                    0x00004fc4   Section        0  queue.o(i.xQueueGenericCreate)
    i.xQueueGenericReset                     0x00005016   Section        0  queue.o(i.xQueueGenericReset)
    i.xQueueReceive                          0x0000509c   Section        0  queue.o(i.xQueueReceive)
    i.xTaskCheckForTimeOut                   0x000051a0   Section        0  tasks.o(i.xTaskCheckForTimeOut)
    i.xTaskCreate                            0x00005200   Section        0  tasks.o(i.xTaskCreate)
    i.xTaskGetSchedulerState                 0x00005254   Section        0  tasks.o(i.xTaskGetSchedulerState)
    i.xTaskGetTickCount                      0x00005274   Section        0  tasks.o(i.xTaskGetTickCount)
    i.xTaskIncrementTick                     0x00005280   Section        0  tasks.o(i.xTaskIncrementTick)
    i.xTaskRemoveFromEventList               0x0000539c   Section        0  tasks.o(i.xTaskRemoveFromEventList)
    i.xTaskResumeAll                         0x00005464   Section        0  tasks.o(i.xTaskResumeAll)
    i.xTimerCreateTimerTask                  0x00005564   Section        0  timers.o(i.xTimerCreateTimerTask)
    .constdata                               0x000055a4   Section       33  dump.o(.constdata)
    whitespace                               0x000055a4   Data          33  dump.o(.constdata)
    .data                                    0x20000000   Section        7  usart1.o(.data)
    book_name_index                          0x20000005   Data           1  usart1.o(.data)
    .data                                    0x20000007   Section        4  usart0.o(.data)
    RxState                                  0x20000008   Data           1  usart0.o(.data)
    pRxPacket                                0x20000009   Data           1  usart0.o(.data)
    .data                                    0x2000000c   Section        4  system_ht32f5xxxx_01.o(.data)
    .data                                    0x20000010   Section        4  ht32_retarget.o(.data)
    .data                                    0x20000014   Section       16  freertos_demo.o(.data)
    .data                                    0x20000024   Section        2  wl-125.o(.data)
    .data                                    0x20000026   Section      671  4g.o(.data)
    hh1                                      0x20000028   Data           1  4g.o(.data)
    hh3                                      0x20000029   Data           1  4g.o(.data)
    hh2                                      0x2000002a   Data           1  4g.o(.data)
    RxState1                                 0x2000002b   Data           1  4g.o(.data)
    pRxPacket1                               0x2000002c   Data           1  4g.o(.data)
    RxState2                                 0x2000002d   Data           1  4g.o(.data)
    pRxPacket2                               0x2000002e   Data           1  4g.o(.data)
    .data                                    0x200002c8   Section        4  port.o(.data)
    uxCriticalNesting                        0x200002c8   Data           4  port.o(.data)
    .data                                    0x200002cc   Section       28  heap_4.o(.data)
    pxEnd                                    0x200002cc   Data           4  heap_4.o(.data)
    xFreeBytesRemaining                      0x200002d0   Data           4  heap_4.o(.data)
    xMinimumEverFreeBytesRemaining           0x200002d4   Data           4  heap_4.o(.data)
    xNumberOfSuccessfulAllocations           0x200002d8   Data           4  heap_4.o(.data)
    xNumberOfSuccessfulFrees                 0x200002dc   Data           4  heap_4.o(.data)
    xStart                                   0x200002e0   Data           8  heap_4.o(.data)
    .data                                    0x200002e8   Section       64  tasks.o(.data)
    uxDeletedTasksWaitingCleanUp             0x200002ec   Data           4  tasks.o(.data)
    uxCurrentNumberOfTasks                   0x200002f0   Data           4  tasks.o(.data)
    xTickCount                               0x200002f4   Data           4  tasks.o(.data)
    uxTopReadyPriority                       0x200002f8   Data           4  tasks.o(.data)
    xSchedulerRunning                        0x200002fc   Data           4  tasks.o(.data)
    xPendedTicks                             0x20000300   Data           4  tasks.o(.data)
    xYieldPending                            0x20000304   Data           4  tasks.o(.data)
    xNumOfOverflows                          0x20000308   Data           4  tasks.o(.data)
    uxTaskNumber                             0x2000030c   Data           4  tasks.o(.data)
    xNextTaskUnblockTime                     0x20000310   Data           4  tasks.o(.data)
    xIdleTaskHandle                          0x20000314   Data           4  tasks.o(.data)
    uxSchedulerSuspended                     0x2000031c   Data           4  tasks.o(.data)
    pxDelayedTaskList                        0x20000320   Data           4  tasks.o(.data)
    pxOverflowDelayedTaskList                0x20000324   Data           4  tasks.o(.data)
    .data                                    0x20000328   Section       20  timers.o(.data)
    xTimerQueue                              0x20000328   Data           4  timers.o(.data)
    xTimerTaskHandle                         0x2000032c   Data           4  timers.o(.data)
    xLastTime                                0x20000330   Data           4  timers.o(.data)
    pxCurrentTimerList                       0x20000334   Data           4  timers.o(.data)
    pxOverflowTimerList                      0x20000338   Data           4  timers.o(.data)
    .data                                    0x2000033c   Section        8  memory.o(.data)
    do_malloc                                0x2000033c   Data           4  memory.o(.data)
    do_free                                  0x20000340   Data           4  memory.o(.data)
    .data                                    0x20000344   Section        4  hashtable_seed.o(.data)
    .data                                    0x20000348   Section        4  mvars.o(.data)
    .data                                    0x2000034c   Section        4  mvars.o(.data)
    .bss                                     0x20000350   Section     1054  usart1.o(.bss)
    .bss                                     0x20000770   Section      542  usart0.o(.bss)
    .bss                                     0x20000990   Section      526  uart0.o(.bss)
    .bss                                     0x20000ba0   Section      526  uart1.o(.bss)
    .bss                                     0x20000dae   Section      856  4g.o(.bss)
    .bss                                     0x20001106   Section     8192  heap_4.o(.bss)
    ucHeap                                   0x20001106   Data        8192  heap_4.o(.bss)
    .bss                                     0x20003108   Section       64  queue.o(.bss)
    .bss                                     0x20003148   Section      200  tasks.o(.bss)
    pxReadyTasksLists                        0x20003148   Data         100  tasks.o(.bss)
    xDelayedTaskList1                        0x200031ac   Data          20  tasks.o(.bss)
    xDelayedTaskList2                        0x200031c0   Data          20  tasks.o(.bss)
    xPendingReadyList                        0x200031d4   Data          20  tasks.o(.bss)
    xTasksWaitingTermination                 0x200031e8   Data          20  tasks.o(.bss)
    xSuspendedTaskList                       0x200031fc   Data          20  tasks.o(.bss)
    .bss                                     0x20003210   Section       40  timers.o(.bss)
    xActiveTimerList1                        0x20003210   Data          20  timers.o(.bss)
    xActiveTimerList2                        0x20003224   Data          20  timers.o(.bss)
    HEAP                                     0x20003238   Section     2048  startup_ht32f5xxxx_01.o(HEAP)
    STACK                                    0x20003a38   Section     1024  startup_ht32f5xxxx_01.o(STACK)

    Global Symbols

    Symbol Name                              Value     Ov Type        Size  Object(Section)

    BuildAttributes$$THM_ISAv3M$S$PE$A:L22$X:L11$S22$IEEE1$IW$USESV6$~STKCKD$USESV7$~SHL$OTIME$ROPI$IEEEJ$EBA8$MICROLIB$REQ8$PRES8$EABIv2 0x00000000   Number         0  anon$$obj.o ABSOLUTE
    __ARM_use_no_argv                        0x00000000   Number         0  main.o ABSOLUTE
    __Vectors                                0x00000000   Data           0  startup_ht32f5xxxx_01.o(RESET)
    __use_no_errno                           0x00000000   Number         0  useno.o ABSOLUTE
    __use_no_exception_handling              0x00000000   Number         0  useno.o ABSOLUTE
    __use_no_fp                              0x00000000   Number         0  useno.o ABSOLUTE
    __use_no_heap                            0x00000000   Number         0  useno.o ABSOLUTE
    __use_no_heap_region                     0x00000000   Number         0  useno.o ABSOLUTE
    __use_no_semihosting                     0x00000000   Number         0  useno.o ABSOLUTE
    __use_no_semihosting_swi                 0x00000000   Number         0  useno.o ABSOLUTE
    __use_no_signal_handling                 0x00000000   Number         0  useno.o ABSOLUTE
    _printf_a                                0x00000000   Number         0  stubs.o ABSOLUTE
    _printf_c                                0x00000000   Number         0  stubs.o ABSOLUTE
    _printf_charcount                        0x00000000   Number         0  stubs.o ABSOLUTE
    _printf_d                                0x00000000   Number         0  stubs.o ABSOLUTE
    _printf_e                                0x00000000   Number         0  stubs.o ABSOLUTE
    _printf_f                                0x00000000   Number         0  stubs.o ABSOLUTE
    _printf_flags                            0x00000000   Number         0  stubs.o ABSOLUTE
    _printf_fp_dec                           0x00000000   Number         0  stubs.o ABSOLUTE
    _printf_fp_hex                           0x00000000   Number         0  stubs.o ABSOLUTE
    _printf_g                                0x00000000   Number         0  stubs.o ABSOLUTE
    _printf_i                                0x00000000   Number         0  stubs.o ABSOLUTE
    _printf_int_dec                          0x00000000   Number         0  stubs.o ABSOLUTE
    _printf_l                                0x00000000   Number         0  stubs.o ABSOLUTE
    _printf_lc                               0x00000000   Number         0  stubs.o ABSOLUTE
    _printf_ll                               0x00000000   Number         0  stubs.o ABSOLUTE
    _printf_lld                              0x00000000   Number         0  stubs.o ABSOLUTE
    _printf_lli                              0x00000000   Number         0  stubs.o ABSOLUTE
    _printf_llo                              0x00000000   Number         0  stubs.o ABSOLUTE
    _printf_llu                              0x00000000   Number         0  stubs.o ABSOLUTE
    _printf_llx                              0x00000000   Number         0  stubs.o ABSOLUTE
    _printf_longlong_dec                     0x00000000   Number         0  stubs.o ABSOLUTE
    _printf_longlong_hex                     0x00000000   Number         0  stubs.o ABSOLUTE
    _printf_longlong_oct                     0x00000000   Number         0  stubs.o ABSOLUTE
    _printf_ls                               0x00000000   Number         0  stubs.o ABSOLUTE
    _printf_mbtowc                           0x00000000   Number         0  stubs.o ABSOLUTE
    _printf_n                                0x00000000   Number         0  stubs.o ABSOLUTE
    _printf_o                                0x00000000   Number         0  stubs.o ABSOLUTE
    _printf_p                                0x00000000   Number         0  stubs.o ABSOLUTE
    _printf_percent                          0x00000000   Number         0  stubs.o ABSOLUTE
    _printf_pre_padding                      0x00000000   Number         0  stubs.o ABSOLUTE
    _printf_return_value                     0x00000000   Number         0  stubs.o ABSOLUTE
    _printf_s                                0x00000000   Number         0  stubs.o ABSOLUTE
    _printf_sizespec                         0x00000000   Number         0  stubs.o ABSOLUTE
    _printf_str                              0x00000000   Number         0  stubs.o ABSOLUTE
    _printf_truncate_signed                  0x00000000   Number         0  stubs.o ABSOLUTE
    _printf_truncate_unsigned                0x00000000   Number         0  stubs.o ABSOLUTE
    _printf_u                                0x00000000   Number         0  stubs.o ABSOLUTE
    _printf_wc                               0x00000000   Number         0  stubs.o ABSOLUTE
    _printf_wctomb                           0x00000000   Number         0  stubs.o ABSOLUTE
    _printf_widthprec                        0x00000000   Number         0  stubs.o ABSOLUTE
    _printf_x                                0x00000000   Number         0  stubs.o ABSOLUTE
    __cpp_initialize__aeabi_                  - Undefined Weak Reference
    __cxa_finalize                            - Undefined Weak Reference
    _clock_init                               - Undefined Weak Reference
    _microlib_exit                            - Undefined Weak Reference
    Reset_Handler                            0x000000c1   Thumb Code    12  startup_ht32f5xxxx_01.o(RESET)
    ADC_IRQHandler                           0x00000103   Thumb Code     0  startup_ht32f5xxxx_01.o(RESET)
    AES_IRQHandler                           0x00000103   Thumb Code     0  startup_ht32f5xxxx_01.o(RESET)
    BFTM0_IRQHandler                         0x00000103   Thumb Code     0  startup_ht32f5xxxx_01.o(RESET)
    BFTM1_IRQHandler                         0x00000103   Thumb Code     0  startup_ht32f5xxxx_01.o(RESET)
    COMP_IRQHandler                          0x00000103   Thumb Code     0  startup_ht32f5xxxx_01.o(RESET)
    EVWUP_IRQHandler                         0x00000103   Thumb Code     0  startup_ht32f5xxxx_01.o(RESET)
    EXTI0_1_IRQHandler                       0x00000103   Thumb Code     0  startup_ht32f5xxxx_01.o(RESET)
    EXTI2_3_IRQHandler                       0x00000103   Thumb Code     0  startup_ht32f5xxxx_01.o(RESET)
    EXTI4_15_IRQHandler                      0x00000103   Thumb Code     0  startup_ht32f5xxxx_01.o(RESET)
    FLASH_IRQHandler                         0x00000103   Thumb Code     0  startup_ht32f5xxxx_01.o(RESET)
    GPTM0_IRQHandler                         0x00000103   Thumb Code     0  startup_ht32f5xxxx_01.o(RESET)
    GPTM1_IRQHandler                         0x00000103   Thumb Code     0  startup_ht32f5xxxx_01.o(RESET)
    I2C0_IRQHandler                          0x00000103   Thumb Code     0  startup_ht32f5xxxx_01.o(RESET)
    I2C1_IRQHandler                          0x00000103   Thumb Code     0  startup_ht32f5xxxx_01.o(RESET)
    I2S_IRQHandler                           0x00000103   Thumb Code     0  startup_ht32f5xxxx_01.o(RESET)
    LVD_BOD_IRQHandler                       0x00000103   Thumb Code     0  startup_ht32f5xxxx_01.o(RESET)
    MCTM0_IRQHandler                         0x00000103   Thumb Code     0  startup_ht32f5xxxx_01.o(RESET)
    PDMA_CH0_1_IRQHandler                    0x00000103   Thumb Code     0  startup_ht32f5xxxx_01.o(RESET)
    PDMA_CH2_5_IRQHandler                    0x00000103   Thumb Code     0  startup_ht32f5xxxx_01.o(RESET)
    PWM0_IRQHandler                          0x00000103   Thumb Code     0  startup_ht32f5xxxx_01.o(RESET)
    PWM1_IRQHandler                          0x00000103   Thumb Code     0  startup_ht32f5xxxx_01.o(RESET)
    RTC_IRQHandler                           0x00000103   Thumb Code     0  startup_ht32f5xxxx_01.o(RESET)
    SCI_IRQHandler                           0x00000103   Thumb Code     0  startup_ht32f5xxxx_01.o(RESET)
    SCTM0_IRQHandler                         0x00000103   Thumb Code     0  startup_ht32f5xxxx_01.o(RESET)
    SCTM1_IRQHandler                         0x00000103   Thumb Code     0  startup_ht32f5xxxx_01.o(RESET)
    SCTM2_IRQHandler                         0x00000103   Thumb Code     0  startup_ht32f5xxxx_01.o(RESET)
    SCTM3_IRQHandler                         0x00000103   Thumb Code     0  startup_ht32f5xxxx_01.o(RESET)
    SPI0_IRQHandler                          0x00000103   Thumb Code     0  startup_ht32f5xxxx_01.o(RESET)
    SPI1_IRQHandler                          0x00000103   Thumb Code     0  startup_ht32f5xxxx_01.o(RESET)
    UART2_IRQHandler                         0x00000103   Thumb Code     0  startup_ht32f5xxxx_01.o(RESET)
    UART3_IRQHandler                         0x00000103   Thumb Code     0  startup_ht32f5xxxx_01.o(RESET)
    USB_IRQHandler                           0x00000103   Thumb Code     0  startup_ht32f5xxxx_01.o(RESET)
    __main                                   0x0000011d   Thumb Code     0  entry.o(.ARM.Collect$$$$00000000)
    _main_stk                                0x0000011d   Thumb Code     0  entry2.o(.ARM.Collect$$$$00000001)
    _main_scatterload                        0x00000121   Thumb Code     0  entry5.o(.ARM.Collect$$$$00000004)
    __main_after_scatterload                 0x00000125   Thumb Code     0  entry5.o(.ARM.Collect$$$$00000004)
    _main_clock                              0x00000125   Thumb Code     0  entry7b.o(.ARM.Collect$$$$00000008)
    _main_cpp_init                           0x00000125   Thumb Code     0  entry8b.o(.ARM.Collect$$$$0000000A)
    _main_init                               0x00000125   Thumb Code     0  entry9a.o(.ARM.Collect$$$$0000000B)
    __rt_final_cpp                           0x0000012d   Thumb Code     0  entry10a.o(.ARM.Collect$$$$0000000D)
    __rt_final_exit                          0x0000012d   Thumb Code     0  entry11a.o(.ARM.Collect$$$$0000000F)
    __asm___6_port_c_39a90d8d__prvPortStartFirstTask 0x00000131   Thumb Code    36  port.o(.emb_text)
    ulSetInterruptMaskFromISR                0x00000159   Thumb Code     8  port.o(.emb_text)
    vClearInterruptMaskFromISR               0x00000161   Thumb Code     6  port.o(.emb_text)
    PendSV_Handler                           0x00000167   Thumb Code    62  port.o(.emb_text)
    __aeabi_uidiv                            0x000001a9   Thumb Code     0  uidiv.o(.text)
    __aeabi_uidivmod                         0x000001a9   Thumb Code    44  uidiv.o(.text)
    qsort                                    0x000001d5   Thumb Code   162  qsort.o(.text)
    ___aeabi_memcpy8$move                    0x00000277   Thumb Code     0  memmovea.o(.text)
    __aeabi_memcpy                           0x00000277   Thumb Code    64  memmovea.o(.text)
    __aeabi_memcpy4                          0x00000277   Thumb Code     0  memmovea.o(.text)
    __aeabi_memmove                          0x00000277   Thumb Code     0  memmovea.o(.text)
    __aeabi_memmove4                         0x00000277   Thumb Code     0  memmovea.o(.text)
    __aeabi_memmove8                         0x00000277   Thumb Code     0  memmovea.o(.text)
    __aeabi_memset                           0x000002b7   Thumb Code    14  memseta.o(.text)
    __aeabi_memset4                          0x000002b7   Thumb Code     0  memseta.o(.text)
    __aeabi_memset8                          0x000002b7   Thumb Code     0  memseta.o(.text)
    __aeabi_memclr                           0x000002c5   Thumb Code     4  memseta.o(.text)
    __aeabi_memclr4                          0x000002c5   Thumb Code     0  memseta.o(.text)
    __aeabi_memclr8                          0x000002c5   Thumb Code     0  memseta.o(.text)
    memset                                   0x000002c9   Thumb Code    18  memseta.o(.text)
    strstr                                   0x000002db   Thumb Code    40  strstr.o(.text)
    strchr                                   0x00000303   Thumb Code    20  strchr.o(.text)
    strlen                                   0x00000317   Thumb Code    14  strlen.o(.text)
    strcmp                                   0x00000325   Thumb Code    28  strcmp.o(.text)
    memcmp                                   0x00000341   Thumb Code    26  memcmp.o(.text)
    strcpy                                   0x0000035b   Thumb Code    18  strcpy.o(.text)
    __aeabi_dadd                             0x0000036d   Thumb Code   328  dadd.o(.text)
    __aeabi_dsub                             0x000004b5   Thumb Code    12  dadd.o(.text)
    __aeabi_drsub                            0x000004c1   Thumb Code    12  dadd.o(.text)
    __aeabi_dmul                             0x000004d1   Thumb Code   202  dmul.o(.text)
    __aeabi_ddiv                             0x000005a1   Thumb Code   234  ddiv.o(.text)
    __aeabi_ui2d                             0x00000691   Thumb Code    24  dfltui.o(.text)
    __aeabi_d2iz                             0x000006ad   Thumb Code    62  dfixi.o(.text)
    __aeabi_f2d                              0x000006f5   Thumb Code    40  f2d.o(.text)
    __aeabi_d2f                              0x0000071d   Thumb Code    56  d2f.o(.text)
    __aeabi_uldivmod                         0x00000755   Thumb Code    96  uldiv.o(.text)
    __aeabi_llsl                             0x000007b5   Thumb Code    32  llshl.o(.text)
    _ll_shift_l                              0x000007b5   Thumb Code     0  llshl.o(.text)
    __aeabi_llsr                             0x000007d5   Thumb Code    34  llushr.o(.text)
    _ll_ushift_r                             0x000007d5   Thumb Code     0  llushr.o(.text)
    __aeabi_lasr                             0x000007f7   Thumb Code    38  llsshr.o(.text)
    _ll_sshift_r                             0x000007f7   Thumb Code     0  llsshr.o(.text)
    __I$use$fp                               0x0000081d   Thumb Code     0  iusefp.o(.text)
    _float_round                             0x0000081d   Thumb Code    16  fepilogue.o(.text)
    _float_epilogue                          0x0000082d   Thumb Code   114  fepilogue.o(.text)
    _double_round                            0x0000089f   Thumb Code    26  depilogue.o(.text)
    _double_epilogue                         0x000008b9   Thumb Code   164  depilogue.o(.text)
    __aeabi_d2ulz                            0x0000095d   Thumb Code    54  dfixul.o(.text)
    __aeabi_cdrcmple                         0x0000099d   Thumb Code    38  cdrcmple.o(.text)
    __scatterload                            0x000009c5   Thumb Code    28  init.o(.text)
    __scatterload_rt2                        0x000009c5   Thumb Code     0  init.o(.text)
    __decompress                             0x000009e9   Thumb Code     0  __dczerorl2.o(.text)
    __decompress1                            0x000009e9   Thumb Code    86  __dczerorl2.o(.text)
    ADS1115_GPIO_Init                        0x00000a41   Thumb Code    36  ads1115.o(i.ADS1115_GPIO_Init)
    AFIO_GPxConfig                           0x00000a69   Thumb Code    82  ht32f5xxxx_gpio.o(i.AFIO_GPxConfig)
    CKCU_GetClocksFrequency                  0x00000ac1   Thumb Code    98  ht32f5xxxx_ckcu.o(i.CKCU_GetClocksFrequency)
    CKCU_GetPLLFrequency                     0x00000b2d   Thumb Code    50  ht32f5xxxx_ckcu.o(i.CKCU_GetPLLFrequency)
    CKCU_GetPeripFrequency                   0x00000b69   Thumb Code    48  ht32f5xxxx_ckcu.o(i.CKCU_GetPeripFrequency)
    CKCU_PeripClockConfig                    0x00000b9d   Thumb Code    34  ht32f5xxxx_ckcu.o(i.CKCU_PeripClockConfig)
    Chinese_convert                          0x00000bc5   Thumb Code   132  wl-125.o(i.Chinese_convert)
    CourseTableDetection                     0x00000c9d   Thumb Code   642  wl-125.o(i.CourseTableDetection)
    Delay_ms                                 0x00000fb9   Thumb Code    22  delay.o(i.Delay_ms)
    Delay_us                                 0x00000fd1   Thumb Code    28  delay.o(i.Delay_us)
    Duan_xin                                 0x00000ff1   Thumb Code   248  4g.o(i.Duan_xin)
    Find_key                                 0x00001171   Thumb Code    50  4g.o(i.Find_key)
    GPIO_ClearOutBits                        0x000011ad   Thumb Code     4  ht32f5xxxx_gpio.o(i.GPIO_ClearOutBits)
    GPIO_Configuration                       0x000011b1   Thumb Code  1076  gpio.o(i.GPIO_Configuration)
    GPIO_DirectionConfig                     0x000015e5   Thumb Code    16  ht32f5xxxx_gpio.o(i.GPIO_DirectionConfig)
    GPIO_InputConfig                         0x000015f5   Thumb Code    16  ht32f5xxxx_gpio.o(i.GPIO_InputConfig)
    GPIO_PullResistorConfig                  0x00001605   Thumb Code    42  ht32f5xxxx_gpio.o(i.GPIO_PullResistorConfig)
    GPIO_ReadInBit                           0x0000162f   Thumb Code    10  ht32f5xxxx_gpio.o(i.GPIO_ReadInBit)
    GPIO_SetOutBits                          0x00001639   Thumb Code     4  ht32f5xxxx_gpio.o(i.GPIO_SetOutBits)
    HMI_send_number                          0x0000163d   Thumb Code    14  usarthmi.o(i.HMI_send_number)
    HMI_send_string                          0x00001659   Thumb Code    14  usarthmi.o(i.HMI_send_string)
    HardFault_Handler                        0x00001675   Thumb Code     2  ht32f5xxxx_01_it.o(i.HardFault_Handler)
    IIC_Read                                 0x00001679   Thumb Code    60  ads1115.o(i.IIC_Read)
    IIC_Send_Ack                             0x000016b9   Thumb Code    74  ads1115.o(i.IIC_Send_Ack)
    IIC_Start                                0x00001709   Thumb Code    42  ads1115.o(i.IIC_Start)
    IIC_Stop                                 0x00001739   Thumb Code    42  ads1115.o(i.IIC_Stop)
    IIC_Wait_Ack                             0x00001769   Thumb Code    78  ads1115.o(i.IIC_Wait_Ack)
    IIC_Write                                0x000017bd   Thumb Code    70  ads1115.o(i.IIC_Write)
    InputNewCourse                           0x00001809   Thumb Code   334  wl-125.o(i.InputNewCourse)
    Jansson2_Demo                            0x00001aa5   Thumb Code   252  4g.o(i.Jansson2_Demo)
    LED1_Turn_Off                            0x00001bf5   Thumb Code    14  led.o(i.LED1_Turn_Off)
    LED1_Turn_On                             0x00001c09   Thumb Code    14  led.o(i.LED1_Turn_On)
    NMI_Handler                              0x00001c1d   Thumb Code     2  ht32f5xxxx_01_it.o(i.NMI_Handler)
    ReadADS1115                              0x00001c21   Thumb Code   148  ads1115.o(i.ReadADS1115)
    SDA_IN                                   0x00001ccd   Thumb Code    36  ads1115.o(i.SDA_IN)
    SDA_OUT                                  0x00001cf5   Thumb Code    34  ads1115.o(i.SDA_OUT)
    SVC_Handler                              0x00001d1d   Thumb Code     2  port.o(i.SVC_Handler)
    SysTick_Handler                          0x00001d1f   Thumb Code    16  ht32f5xxxx_01_it.o(i.SysTick_Handler)
    SystemInit                               0x00001d31   Thumb Code   210  system_ht32f5xxxx_01.o(i.SystemInit)
    Tel_Get                                  0x00001e19   Thumb Code    50  4g.o(i.Tel_Get)
    UART0_Configuration                      0x00001e51   Thumb Code   108  uart0.o(i.UART0_Configuration)
    UART0_IRQHandler                         0x00001ec5   Thumb Code   148  4g.o(i.UART0_IRQHandler)
    UART0_SendByte                           0x00001f6d   Thumb Code    26  uart0.o(i.UART0_SendByte)
    UART0_init_buffer                        0x00001f8d   Thumb Code    22  uart0.o(i.UART0_init_buffer)
    UART1_Configuration                      0x00001fa9   Thumb Code   120  uart1.o(i.UART1_Configuration)
    UART1_IRQHandler                         0x0000202d   Thumb Code    12  uart1.o(i.UART1_IRQHandler)
    UART1_SendByte                           0x0000203d   Thumb Code    26  uart1.o(i.UART1_SendByte)
    UART1_SendString                         0x0000205d   Thumb Code    22  uart1.o(i.UART1_SendString)
    UART1_init_buffer                        0x00002075   Thumb Code    22  uart1.o(i.UART1_init_buffer)
    USART0_Configuration                     0x00002091   Thumb Code   134  usart0.o(i.USART0_Configuration)
    USART0_GetRxFlag                         0x0000211d   Thumb Code    20  usart0.o(i.USART0_GetRxFlag)
    USART0_IRQHandler                        0x00002135   Thumb Code    88  usart0.o(i.USART0_IRQHandler)
    USART0_SendByte                          0x00002195   Thumb Code    28  usart0.o(i.USART0_SendByte)
    USART0_SendString                        0x000021b1   Thumb Code    30  usart0.o(i.USART0_SendString)
    USART0_init_buffer                       0x000021d1   Thumb Code    22  usart0.o(i.USART0_init_buffer)
    USART1_Configuration                     0x000021ed   Thumb Code   134  usart1.o(i.USART1_Configuration)
    USART1_IRQHandler                        0x0000227d   Thumb Code   276  usart1.o(i.USART1_IRQHandler)
    USART1_SendByte                          0x000023e5   Thumb Code    26  usart1.o(i.USART1_SendByte)
    USART1_init_buffer                       0x00002405   Thumb Code    20  usart1.o(i.USART1_init_buffer)
    USART_ClearFlag                          0x0000241d   Thumb Code     8  ht32f5xxxx_usart.o(i.USART_ClearFlag)
    USART_GetFlagStatus                      0x00002425   Thumb Code    10  ht32f5xxxx_usart.o(i.USART_GetFlagStatus)
    USART_Init                               0x00002431   Thumb Code   114  ht32f5xxxx_usart.o(i.USART_Init)
    USART_IntConfig                          0x000024b5   Thumb Code    16  ht32f5xxxx_usart.o(i.USART_IntConfig)
    USART_ReceiveData                        0x000024c5   Thumb Code     6  ht32f5xxxx_usart.o(i.USART_ReceiveData)
    USART_SendData                           0x000024cb   Thumb Code     4  ht32f5xxxx_usart.o(i.USART_SendData)
    USART_TXRXTLConfig                       0x000024cf   Thumb Code    20  ht32f5xxxx_usart.o(i.USART_TXRXTLConfig)
    USART_TxRxCmd                            0x000024e3   Thumb Code    20  ht32f5xxxx_usart.o(i.USART_TxRxCmd)
    Usart_SendStr                            0x000024f7   Thumb Code    24  4g.o(i.Usart_SendStr)
    WriteADS1115                             0x0000250f   Thumb Code    72  ads1115.o(i.WriteADS1115)
    __0printf                                0x00002559   Thumb Code    24  printfa.o(i.__0printf)
    __1printf                                0x00002559   Thumb Code     0  printfa.o(i.__0printf)
    __2printf                                0x00002559   Thumb Code     0  printfa.o(i.__0printf)
    __c89printf                              0x00002559   Thumb Code     0  printfa.o(i.__0printf)
    printf                                   0x00002559   Thumb Code     0  printfa.o(i.__0printf)
    __0snprintf                              0x00002579   Thumb Code    38  printfa.o(i.__0snprintf)
    __1snprintf                              0x00002579   Thumb Code     0  printfa.o(i.__0snprintf)
    __2snprintf                              0x00002579   Thumb Code     0  printfa.o(i.__0snprintf)
    __c89snprintf                            0x00002579   Thumb Code     0  printfa.o(i.__0snprintf)
    snprintf                                 0x00002579   Thumb Code     0  printfa.o(i.__0snprintf)
    __0sprintf                               0x000025a5   Thumb Code    36  printfa.o(i.__0sprintf)
    __1sprintf                               0x000025a5   Thumb Code     0  printfa.o(i.__0sprintf)
    __2sprintf                               0x000025a5   Thumb Code     0  printfa.o(i.__0sprintf)
    __c89sprintf                             0x000025a5   Thumb Code     0  printfa.o(i.__0sprintf)
    sprintf                                  0x000025a5   Thumb Code     0  printfa.o(i.__0sprintf)
    __ARM_clz                                0x000025cd   Thumb Code    46  depilogue.o(i.__ARM_clz)
    __ARM_common_switch8                     0x000025fb   Thumb Code    26  ht32f5xxxx_ckcu.o(i.__ARM_common_switch8)
    __scatterload_copy                       0x00002615   Thumb Code    14  handlers.o(i.__scatterload_copy)
    __scatterload_null                       0x00002623   Thumb Code     2  handlers.o(i.__scatterload_null)
    __scatterload_zeroinit                   0x00002625   Thumb Code    14  handlers.o(i.__scatterload_zeroinit)
    all_key                                  0x00002ee5   Thumb Code   112  4g.o(i.all_key)
    battery_adc                              0x00002f55   Thumb Code   108  ads1115.o(i.battery_adc)
    check_string_for_22                      0x0000300d   Thumb Code    16  4g.o(i.check_string_for_22)
    extract_time_string                      0x00003571   Thumb Code    76  4g.o(i.extract_time_string)
    fputc                                    0x000035bd   Thumb Code    30  usart1.o(i.fputc)
    free                                     0x000035e1   Thumb Code    80  malloc.o(i.free)
    freertos_start                           0x00003635   Thumb Code    28  freertos_demo.o(i.freertos_start)
    hashtable_close                          0x000037a9   Thumb Code    16  hashtable.o(i.hashtable_close)
    hashtable_get                            0x0000388d   Thumb Code    58  hashtable.o(i.hashtable_get)
    hashtable_init                           0x000038cd   Thumb Code    72  hashtable.o(i.hashtable_init)
    hashtable_iter                           0x00003915   Thumb Code    12  hashtable.o(i.hashtable_iter)
    hashtable_iter_key                       0x00003921   Thumb Code     4  hashtable.o(i.hashtable_iter_key)
    hashtable_iter_next                      0x00003925   Thumb Code    14  hashtable.o(i.hashtable_iter_next)
    hashtable_iter_serial                    0x00003933   Thumb Code     4  hashtable.o(i.hashtable_iter_serial)
    hashtable_iter_value                     0x00003937   Thumb Code     4  hashtable.o(i.hashtable_iter_value)
    hashtable_set                            0x0000393d   Thumb Code   168  hashtable.o(i.hashtable_set)
    json_array_get                           0x00003a13   Thumb Code    28  value.o(i.json_array_get)
    json_array_size                          0x00003a2f   Thumb Code    18  value.o(i.json_array_size)
    json_delete                              0x00003a71   Thumb Code    84  value.o(i.json_delete)
    json_dump_callback                       0x00003ac5   Thumb Code    42  dump.o(i.json_dump_callback)
    json_dumps                               0x00003af1   Thumb Code    62  dump.o(i.json_dumps)
    json_integer                             0x00003b35   Thumb Code    28  value.o(i.json_integer)
    json_integer_value                       0x00003b51   Thumb Code    24  value.o(i.json_integer_value)
    json_object                              0x00003b69   Thumb Code    70  value.o(i.json_object)
    json_object_get                          0x00003bb5   Thumb Code    28  value.o(i.json_object_get)
    json_object_iter                         0x00003bd1   Thumb Code    24  value.o(i.json_object_iter)
    json_object_iter_key                     0x00003be9   Thumb Code    12  value.o(i.json_object_iter_key)
    json_object_iter_next                    0x00003bf5   Thumb Code    28  value.o(i.json_object_iter_next)
    json_object_iter_value                   0x00003c11   Thumb Code    12  value.o(i.json_object_iter_value)
    json_object_seed                         0x00003c1d   Thumb Code    34  hashtable_seed.o(i.json_object_seed)
    json_object_set_new                      0x00003c45   Thumb Code    52  value.o(i.json_object_set_new)
    json_object_set_new_nocheck              0x00003c79   Thumb Code    58  value.o(i.json_object_set_new_nocheck)
    json_object_size                         0x00003cb9   Thumb Code    18  value.o(i.json_object_size)
    json_real_value                          0x00003ccb   Thumb Code    24  value.o(i.json_real_value)
    json_string                              0x00003ce3   Thumb Code    24  value.o(i.json_string)
    json_string_length                       0x00003cfb   Thumb Code    18  value.o(i.json_string_length)
    json_string_value                        0x00003d0d   Thumb Code    18  value.o(i.json_string_value)
    json_stringn                             0x00003d1f   Thumb Code    32  value.o(i.json_stringn)
    jsonp_dtostr                             0x00003d41   Thumb Code   150  strconv.o(i.jsonp_dtostr)
    jsonp_free                               0x00003de1   Thumb Code    12  memory.o(i.jsonp_free)
    jsonp_malloc                             0x00003df1   Thumb Code    12  memory.o(i.jsonp_malloc)
    jsonp_strdup                             0x00003e01   Thumb Code    18  memory.o(i.jsonp_strdup)
    jsonp_strndup                            0x00003e13   Thumb Code    36  memory.o(i.jsonp_strndup)
    main                                     0x00003e45   Thumb Code    74  main.o(i.main)
    malloc                                   0x00003ec5   Thumb Code    92  malloc.o(i.malloc)
    print_today_course_table                 0x00003f59   Thumb Code   188  wl-125.o(i.print_today_course_table)
    printf_course_table                      0x00004041   Thumb Code    80  wl-125.o(i.printf_course_table)
    pvPortMalloc                             0x000046d9   Thumb Code   168  heap_4.o(i.pvPortMalloc)
    pxPortInitialiseStack                    0x00004785   Thumb Code    28  port.o(i.pxPortInitialiseStack)
    seed_from_timestamp_and_pid              0x000047a5   Thumb Code     4  jansson_config.o(i.seed_from_timestamp_and_pid)
    start_task                               0x000047a9   Thumb Code    80  freertos_demo.o(i.start_task)
    strbuffer_append_bytes                   0x00004821   Thumb Code   108  strbuffer.o(i.strbuffer_append_bytes)
    strbuffer_close                          0x00004891   Thumb Code    24  strbuffer.o(i.strbuffer_close)
    strbuffer_init                           0x000048a9   Thumb Code    34  strbuffer.o(i.strbuffer_init)
    strbuffer_value                          0x000048cb   Thumb Code     4  strbuffer.o(i.strbuffer_value)
    task1                                    0x0000490d   Thumb Code    22  freertos_demo.o(i.task1)
    task2                                    0x00004949   Thumb Code    30  freertos_demo.o(i.task2)
    task3                                    0x000049a9   Thumb Code    36  freertos_demo.o(i.task3)
    test_4G                                  0x000049f5   Thumb Code    58  4g.o(i.test_4G)
    utf8_check_first                         0x00004a35   Thumb Code    60  utf.o(i.utf8_check_first)
    utf8_check_full                          0x00004a71   Thumb Code   126  utf.o(i.utf8_check_full)
    utf8_check_string                        0x00004af9   Thumb Code    62  utf.o(i.utf8_check_string)
    utf8_iterate                             0x00004b37   Thumb Code    64  utf.o(i.utf8_iterate)
    uxListRemove                             0x00004b77   Thumb Code    38  list.o(i.uxListRemove)
    vApplicationStackOverflowHook            0x00004b9d   Thumb Code    10  freertos_demo.o(i.vApplicationStackOverflowHook)
    vListInitialise                          0x00004bbd   Thumb Code    22  list.o(i.vListInitialise)
    vListInitialiseItem                      0x00004bd3   Thumb Code     6  list.o(i.vListInitialiseItem)
    vListInsert                              0x00004bd9   Thumb Code    48  list.o(i.vListInsert)
    vListInsertEnd                           0x00004c09   Thumb Code    24  list.o(i.vListInsertEnd)
    vPortEnterCritical                       0x00004c21   Thumb Code    20  port.o(i.vPortEnterCritical)
    vPortExitCritical                        0x00004c39   Thumb Code    22  port.o(i.vPortExitCritical)
    vPortFree                                0x00004c55   Thumb Code    68  heap_4.o(i.vPortFree)
    vPortSetupTimerInterrupt                 0x00004c9d   Thumb Code    32  port.o(i.vPortSetupTimerInterrupt)
    vPortYield                               0x00004cc5   Thumb Code    18  port.o(i.vPortYield)
    vQueueAddToRegistry                      0x00004cdd   Thumb Code    64  queue.o(i.vQueueAddToRegistry)
    vQueueWaitForMessageRestricted           0x00004d21   Thumb Code    68  queue.o(i.vQueueWaitForMessageRestricted)
    vTaskDelay                               0x00004d65   Thumb Code    44  tasks.o(i.vTaskDelay)
    vTaskDelete                              0x00004d95   Thumb Code   118  tasks.o(i.vTaskDelete)
    vTaskInternalSetTimeOutState             0x00004e15   Thumb Code    12  tasks.o(i.vTaskInternalSetTimeOutState)
    vTaskMissedYield                         0x00004e25   Thumb Code     8  tasks.o(i.vTaskMissedYield)
    vTaskPlaceOnEventList                    0x00004e31   Thumb Code    32  tasks.o(i.vTaskPlaceOnEventList)
    vTaskPlaceOnEventListRestricted          0x00004e55   Thumb Code    68  tasks.o(i.vTaskPlaceOnEventListRestricted)
    vTaskStartScheduler                      0x00004e9d   Thumb Code    70  tasks.o(i.vTaskStartScheduler)
    vTaskSuspendAll                          0x00004ef5   Thumb Code    10  tasks.o(i.vTaskSuspendAll)
    vTaskSwitchContext                       0x00004f05   Thumb Code   100  tasks.o(i.vTaskSwitchContext)
    xPortStartScheduler                      0x00004f71   Thumb Code    40  port.o(i.xPortStartScheduler)
    xPortSysTickHandler                      0x00004fa1   Thumb Code    32  port.o(i.xPortSysTickHandler)
    xQueueGenericCreate                      0x00004fc5   Thumb Code    82  queue.o(i.xQueueGenericCreate)
    xQueueGenericReset                       0x00005017   Thumb Code   134  queue.o(i.xQueueGenericReset)
    xQueueReceive                            0x0000509d   Thumb Code   260  queue.o(i.xQueueReceive)
    xTaskCheckForTimeOut                     0x000051a1   Thumb Code    92  tasks.o(i.xTaskCheckForTimeOut)
    xTaskCreate                              0x00005201   Thumb Code    84  tasks.o(i.xTaskCreate)
    xTaskGetSchedulerState                   0x00005255   Thumb Code    26  tasks.o(i.xTaskGetSchedulerState)
    xTaskGetTickCount                        0x00005275   Thumb Code     6  tasks.o(i.xTaskGetTickCount)
    xTaskIncrementTick                       0x00005281   Thumb Code   274  tasks.o(i.xTaskIncrementTick)
    xTaskRemoveFromEventList                 0x0000539d   Thumb Code   190  tasks.o(i.xTaskRemoveFromEventList)
    xTaskResumeAll                           0x00005465   Thumb Code   246  tasks.o(i.xTaskResumeAll)
    xTimerCreateTimerTask                    0x00005565   Thumb Code    46  timers.o(i.xTimerCreateTimerTask)
    Region$$Table$$Base                      0x000055c8   Number         0  anon$$obj.o(Region$$Table)
    Region$$Table$$Limit                     0x000055e8   Number         0  anon$$obj.o(Region$$Table)
    ClassFlag                                0x20000000   Data           1  usart1.o(.data)
    detect_flag                              0x20000001   Data           1  usart1.o(.data)
    rec_flag                                 0x20000002   Data           1  usart1.o(.data)
    rec_count                                0x20000003   Data           1  usart1.o(.data)
    today_course_count                       0x20000004   Data           1  usart1.o(.data)
    USART1_RxFlag                            0x20000006   Data           1  usart1.o(.data)
    test_flag                                0x20000007   Data           1  usart0.o(.data)
    USART0_RxFlag                            0x2000000a   Data           1  usart0.o(.data)
    SystemCoreClock                          0x2000000c   Data           4  system_ht32f5xxxx_01.o(.data)
    __stdout                                 0x20000010   Data           4  ht32_retarget.o(.data)
    start_task_handle                        0x20000014   Data           4  freertos_demo.o(.data)
    task1_handle                             0x20000018   Data           4  freertos_demo.o(.data)
    task2_handle                             0x2000001c   Data           4  freertos_demo.o(.data)
    task3_handle                             0x20000020   Data           4  freertos_demo.o(.data)
    course_count                             0x20000024   Data           1  wl-125.o(.data)
    is_inputting                             0x20000025   Data           1  wl-125.o(.data)
    rx_done                                  0x20000026   Data           1  4g.o(.data)
    size                                     0x20000027   Data           1  4g.o(.data)
    key_ch                                   0x2000002f   Data           1  4g.o(.data)
    key_number                               0x20000030   Data           1  4g.o(.data)
    ask                                      0x20000031   Data         100  4g.o(.data)
    F_data                                   0x20000095   Data          20  4g.o(.data)
    week                                     0x200000a9   Data          20  4g.o(.data)
    tel                                      0x200000bd   Data          20  4g.o(.data)
    D_key1                                   0x200000d1   Data         100  4g.o(.data)
    D_key                                    0x20000135   Data         100  4g.o(.data)
    P_key                                    0x20000199   Data         100  4g.o(.data)
    key_date                                 0x200001fd   Data         100  4g.o(.data)
    key_date1                                0x20000261   Data         100  4g.o(.data)
    pxCurrentTCB                             0x200002e8   Data           4  tasks.o(.data)
    uxTopUsedPriority                        0x20000318   Data           4  tasks.o(.data)
    hashtable_seed                           0x20000344   Data           4  hashtable_seed.o(.data)
    __microlib_freelist                      0x20000348   Data           4  mvars.o(.data)
    __microlib_freelist_initialised          0x2000034c   Data           4  mvars.o(.data)
    rxd_scomm1                               0x20000350   Data          10  usart1.o(.bss)
    txd_scomm1                               0x2000035c   Data          10  usart1.o(.bss)
    detect_buffer                            0x20000366   Data         100  usart1.o(.bss)
    book_name                                0x200003ca   Data          50  usart1.o(.bss)
    course_info_table                        0x200003fc   Data         441  usart1.o(.bss)
    today_course_table                       0x200005b5   Data         441  usart1.o(.bss)
    USART0_RxPacket                          0x20000770   Data          13  usart0.o(.bss)
    rxd_scomm0                               0x20000780   Data         262  usart0.o(.bss)
    txd_scomm0                               0x20000888   Data         262  usart0.o(.bss)
    rxd_comm0                                0x20000990   Data         262  uart0.o(.bss)
    txd_comm0                                0x20000a98   Data         262  uart0.o(.bss)
    rxd_comm1                                0x20000ba0   Data         262  uart1.o(.bss)
    txd_comm1                                0x20000ca8   Data         262  uart1.o(.bss)
    Serial_RxPacket                          0x20000dae   Data         100  4g.o(.bss)
    dat                                      0x20000e12   Data         100  4g.o(.bss)
    rx_data                                  0x20000e76   Data         400  4g.o(.bss)
    infor                                    0x20001006   Data         256  4g.o(.bss)
    xQueueRegistry                           0x20003108   Data          64  queue.o(.bss)
    __heap_base                              0x20003238   Data           0  startup_ht32f5xxxx_01.o(HEAP)
    __heap_limit                             0x20003a38   Data           0  startup_ht32f5xxxx_01.o(HEAP)
    __initial_sp                             0x20003e38   Data           0  startup_ht32f5xxxx_01.o(STACK)



==============================================================================

Memory Map of the image

  Image Entry point : 0x000000c1

  Load Region LR_1 (Base: 0x00000000, Size: 0x00005938, Max: 0xffffffff, ABSOLUTE, COMPRESSED[0x00005704])

    Execution Region ER_RO (Exec base: 0x00000000, Load base: 0x00000000, Size: 0x000055e8, Max: 0xffffffff, ABSOLUTE)

    Exec Addr    Load Addr    Size         Type   Attr      Idx    E Section Name        Object

    0x00000000   0x00000000   0x0000011c   Code   RO          779  * RESET               startup_ht32f5xxxx_01.o
    0x0000011c   0x0000011c   0x00000000   Code   RO         6623  * .ARM.Collect$$$$00000000  mc_p.l(entry.o)
    0x0000011c   0x0000011c   0x00000004   Code   RO         6984    .ARM.Collect$$$$00000001  mc_p.l(entry2.o)
    0x00000120   0x00000120   0x00000004   Code   RO         6987    .ARM.Collect$$$$00000004  mc_p.l(entry5.o)
    0x00000124   0x00000124   0x00000000   Code   RO         6989    .ARM.Collect$$$$00000008  mc_p.l(entry7b.o)
    0x00000124   0x00000124   0x00000000   Code   RO         6991    .ARM.Collect$$$$0000000A  mc_p.l(entry8b.o)
    0x00000124   0x00000124   0x00000008   Code   RO         6992    .ARM.Collect$$$$0000000B  mc_p.l(entry9a.o)
    0x0000012c   0x0000012c   0x00000000   Code   RO         6994    .ARM.Collect$$$$0000000D  mc_p.l(entry10a.o)
    0x0000012c   0x0000012c   0x00000000   Code   RO         6996    .ARM.Collect$$$$0000000F  mc_p.l(entry11a.o)
    0x0000012c   0x0000012c   0x00000004   Code   RO         6985    .ARM.Collect$$$$00002712  mc_p.l(entry2.o)
    0x00000130   0x00000130   0x00000078   Code   RO         4629    .emb_text           port.o
    0x000001a8   0x000001a8   0x0000002c   Code   RO         6634    .text               mc_p.l(uidiv.o)
    0x000001d4   0x000001d4   0x000000a2   Code   RO         6638    .text               mc_p.l(qsort.o)
    0x00000276   0x00000276   0x00000040   Code   RO         6644    .text               mc_p.l(memmovea.o)
    0x000002b6   0x000002b6   0x00000024   Code   RO         6648    .text               mc_p.l(memseta.o)
    0x000002da   0x000002da   0x00000028   Code   RO         6650    .text               mc_p.l(strstr.o)
    0x00000302   0x00000302   0x00000014   Code   RO         6652    .text               mc_p.l(strchr.o)
    0x00000316   0x00000316   0x0000000e   Code   RO         6654    .text               mc_p.l(strlen.o)
    0x00000324   0x00000324   0x0000001c   Code   RO         6656    .text               mc_p.l(strcmp.o)
    0x00000340   0x00000340   0x0000001a   Code   RO         6658    .text               mc_p.l(memcmp.o)
    0x0000035a   0x0000035a   0x00000012   Code   RO         6660    .text               mc_p.l(strcpy.o)
    0x0000036c   0x0000036c   0x00000164   Code   RO         6964    .text               mf_p.l(dadd.o)
    0x000004d0   0x000004d0   0x000000d0   Code   RO         6966    .text               mf_p.l(dmul.o)
    0x000005a0   0x000005a0   0x000000f0   Code   RO         6968    .text               mf_p.l(ddiv.o)
    0x00000690   0x00000690   0x0000001c   Code   RO         6970    .text               mf_p.l(dfltui.o)
    0x000006ac   0x000006ac   0x00000048   Code   RO         6976    .text               mf_p.l(dfixi.o)
    0x000006f4   0x000006f4   0x00000028   Code   RO         6978    .text               mf_p.l(f2d.o)
    0x0000071c   0x0000071c   0x00000038   Code   RO         6982    .text               mf_p.l(d2f.o)
    0x00000754   0x00000754   0x00000060   Code   RO         6998    .text               mc_p.l(uldiv.o)
    0x000007b4   0x000007b4   0x00000020   Code   RO         7000    .text               mc_p.l(llshl.o)
    0x000007d4   0x000007d4   0x00000022   Code   RO         7002    .text               mc_p.l(llushr.o)
    0x000007f6   0x000007f6   0x00000026   Code   RO         7004    .text               mc_p.l(llsshr.o)
    0x0000081c   0x0000081c   0x00000000   Code   RO         7010    .text               mc_p.l(iusefp.o)
    0x0000081c   0x0000081c   0x00000082   Code   RO         7011    .text               mf_p.l(fepilogue.o)
    0x0000089e   0x0000089e   0x000000be   Code   RO         7013    .text               mf_p.l(depilogue.o)
    0x0000095c   0x0000095c   0x00000040   Code   RO         7017    .text               mf_p.l(dfixul.o)
    0x0000099c   0x0000099c   0x00000028   Code   RO         7019    .text               mf_p.l(cdrcmple.o)
    0x000009c4   0x000009c4   0x00000024   Code   RO         7021    .text               mc_p.l(init.o)
    0x000009e8   0x000009e8   0x00000056   Code   RO         7046    .text               mc_p.l(__dczerorl2.o)
    0x00000a3e   0x00000a3e   0x00000002   PAD
    0x00000a40   0x00000a40   0x00000028   Code   RO         4541    i.ADS1115_GPIO_Init  ads1115.o
    0x00000a68   0x00000a68   0x00000058   Code   RO         1888    i.AFIO_GPxConfig    ht32f5xxxx_gpio.o
    0x00000ac0   0x00000ac0   0x0000006c   Code   RO         1495    i.CKCU_GetClocksFrequency  ht32f5xxxx_ckcu.o
    0x00000b2c   0x00000b2c   0x0000003c   Code   RO         1497    i.CKCU_GetPLLFrequency  ht32f5xxxx_ckcu.o
    0x00000b68   0x00000b68   0x00000034   Code   RO         1498    i.CKCU_GetPeripFrequency  ht32f5xxxx_ckcu.o
    0x00000b9c   0x00000b9c   0x00000028   Code   RO         1513    i.CKCU_PeripClockConfig  ht32f5xxxx_ckcu.o
    0x00000bc4   0x00000bc4   0x000000d8   Code   RO         4339    i.Chinese_convert   wl-125.o
    0x00000c9c   0x00000c9c   0x0000031c   Code   RO         4340    i.CourseTableDetection  wl-125.o
    0x00000fb8   0x00000fb8   0x00000016   Code   RO         4182    i.Delay_ms          delay.o
    0x00000fce   0x00000fce   0x00000002   PAD
    0x00000fd0   0x00000fd0   0x00000020   Code   RO         4184    i.Delay_us          delay.o
    0x00000ff0   0x00000ff0   0x00000180   Code   RO         4440    i.Duan_xin          4g.o
    0x00001170   0x00001170   0x0000003c   Code   RO         4441    i.Find_key          4g.o
    0x000011ac   0x000011ac   0x00000004   Code   RO         1889    i.GPIO_ClearOutBits  ht32f5xxxx_gpio.o
    0x000011b0   0x000011b0   0x00000434   Code   RO          293    i.GPIO_Configuration  gpio.o
    0x000015e4   0x000015e4   0x00000010   Code   RO         1891    i.GPIO_DirectionConfig  ht32f5xxxx_gpio.o
    0x000015f4   0x000015f4   0x00000010   Code   RO         1894    i.GPIO_InputConfig  ht32f5xxxx_gpio.o
    0x00001604   0x00001604   0x0000002a   Code   RO         1899    i.GPIO_PullResistorConfig  ht32f5xxxx_gpio.o
    0x0000162e   0x0000162e   0x0000000a   Code   RO         1900    i.GPIO_ReadInBit    ht32f5xxxx_gpio.o
    0x00001638   0x00001638   0x00000004   Code   RO         1904    i.GPIO_SetOutBits   ht32f5xxxx_gpio.o
    0x0000163c   0x0000163c   0x0000001c   Code   RO         4405    i.HMI_send_number   usarthmi.o
    0x00001658   0x00001658   0x0000001c   Code   RO         4406    i.HMI_send_string   usarthmi.o
    0x00001674   0x00001674   0x00000002   Code   RO            3    i.HardFault_Handler  ht32f5xxxx_01_it.o
    0x00001676   0x00001676   0x00000002   PAD
    0x00001678   0x00001678   0x00000040   Code   RO         4542    i.IIC_Read          ads1115.o
    0x000016b8   0x000016b8   0x00000050   Code   RO         4543    i.IIC_Send_Ack      ads1115.o
    0x00001708   0x00001708   0x00000030   Code   RO         4544    i.IIC_Start         ads1115.o
    0x00001738   0x00001738   0x00000030   Code   RO         4545    i.IIC_Stop          ads1115.o
    0x00001768   0x00001768   0x00000054   Code   RO         4546    i.IIC_Wait_Ack      ads1115.o
    0x000017bc   0x000017bc   0x0000004c   Code   RO         4547    i.IIC_Write         ads1115.o
    0x00001808   0x00001808   0x0000029c   Code   RO         4341    i.InputNewCourse    wl-125.o
    0x00001aa4   0x00001aa4   0x00000150   Code   RO         4442    i.Jansson2_Demo     4g.o
    0x00001bf4   0x00001bf4   0x00000014   Code   RO         4146    i.LED1_Turn_Off     led.o
    0x00001c08   0x00001c08   0x00000014   Code   RO         4147    i.LED1_Turn_On      led.o
    0x00001c1c   0x00001c1c   0x00000002   Code   RO            4    i.NMI_Handler       ht32f5xxxx_01_it.o
    0x00001c1e   0x00001c1e   0x00000002   PAD
    0x00001c20   0x00001c20   0x000000ac   Code   RO         4548    i.ReadADS1115       ads1115.o
    0x00001ccc   0x00001ccc   0x00000028   Code   RO         4549    i.SDA_IN            ads1115.o
    0x00001cf4   0x00001cf4   0x00000028   Code   RO         4550    i.SDA_OUT           ads1115.o
    0x00001d1c   0x00001d1c   0x00000002   Code   RO         4630    i.SVC_Handler       port.o
    0x00001d1e   0x00001d1e   0x00000010   Code   RO            5    i.SysTick_Handler   ht32f5xxxx_01_it.o
    0x00001d2e   0x00001d2e   0x00000002   PAD
    0x00001d30   0x00001d30   0x000000e8   Code   RO          745    i.SystemInit        system_ht32f5xxxx_01.o
    0x00001e18   0x00001e18   0x00000038   Code   RO         4443    i.Tel_Get           4g.o
    0x00001e50   0x00001e50   0x00000074   Code   RO          626    i.UART0_Configuration  uart0.o
    0x00001ec4   0x00001ec4   0x000000a8   Code   RO         4444    i.UART0_IRQHandler  4g.o
    0x00001f6c   0x00001f6c   0x00000020   Code   RO          627    i.UART0_SendByte    uart0.o
    0x00001f8c   0x00001f8c   0x0000001c   Code   RO          629    i.UART0_init_buffer  uart0.o
    0x00001fa8   0x00001fa8   0x00000084   Code   RO          679    i.UART1_Configuration  uart1.o
    0x0000202c   0x0000202c   0x00000010   Code   RO          680    i.UART1_IRQHandler  uart1.o
    0x0000203c   0x0000203c   0x00000020   Code   RO          681    i.UART1_SendByte    uart1.o
    0x0000205c   0x0000205c   0x00000016   Code   RO          682    i.UART1_SendString  uart1.o
    0x00002072   0x00002072   0x00000002   PAD
    0x00002074   0x00002074   0x0000001c   Code   RO          684    i.UART1_init_buffer  uart1.o
    0x00002090   0x00002090   0x0000008c   Code   RO          545    i.USART0_Configuration  usart0.o
    0x0000211c   0x0000211c   0x00000018   Code   RO          546    i.USART0_GetRxFlag  usart0.o
    0x00002134   0x00002134   0x00000060   Code   RO          547    i.USART0_IRQHandler  usart0.o
    0x00002194   0x00002194   0x0000001c   Code   RO          548    i.USART0_SendByte   usart0.o
    0x000021b0   0x000021b0   0x0000001e   Code   RO          549    i.USART0_SendString  usart0.o
    0x000021ce   0x000021ce   0x00000002   PAD
    0x000021d0   0x000021d0   0x0000001c   Code   RO          551    i.USART0_init_buffer  usart0.o
    0x000021ec   0x000021ec   0x00000090   Code   RO          414    i.USART1_Configuration  usart1.o
    0x0000227c   0x0000227c   0x00000168   Code   RO          416    i.USART1_IRQHandler  usart1.o
    0x000023e4   0x000023e4   0x00000020   Code   RO          417    i.USART1_SendByte   usart1.o
    0x00002404   0x00002404   0x00000018   Code   RO          419    i.USART1_init_buffer  usart1.o
    0x0000241c   0x0000241c   0x00000008   Code   RO         2892    i.USART_ClearFlag   ht32f5xxxx_usart.o
    0x00002424   0x00002424   0x0000000a   Code   RO         2897    i.USART_GetFlagStatus  ht32f5xxxx_usart.o
    0x0000242e   0x0000242e   0x00000002   PAD
    0x00002430   0x00002430   0x00000084   Code   RO         2899    i.USART_Init        ht32f5xxxx_usart.o
    0x000024b4   0x000024b4   0x00000010   Code   RO         2900    i.USART_IntConfig   ht32f5xxxx_usart.o
    0x000024c4   0x000024c4   0x00000006   Code   RO         2909    i.USART_ReceiveData  ht32f5xxxx_usart.o
    0x000024ca   0x000024ca   0x00000004   Code   RO         2910    i.USART_SendData    ht32f5xxxx_usart.o
    0x000024ce   0x000024ce   0x00000014   Code   RO         2920    i.USART_TXRXTLConfig  ht32f5xxxx_usart.o
    0x000024e2   0x000024e2   0x00000014   Code   RO         2921    i.USART_TxRxCmd     ht32f5xxxx_usart.o
    0x000024f6   0x000024f6   0x00000018   Code   RO         4445    i.Usart_SendStr     4g.o
    0x0000250e   0x0000250e   0x00000048   Code   RO         4551    i.WriteADS1115      ads1115.o
    0x00002556   0x00002556   0x00000002   PAD
    0x00002558   0x00002558   0x00000020   Code   RO         6899    i.__0printf         mc_p.l(printfa.o)
    0x00002578   0x00002578   0x0000002c   Code   RO         6900    i.__0snprintf       mc_p.l(printfa.o)
    0x000025a4   0x000025a4   0x00000028   Code   RO         6901    i.__0sprintf        mc_p.l(printfa.o)
    0x000025cc   0x000025cc   0x0000002e   Code   RO         7015    i.__ARM_clz         mf_p.l(depilogue.o)
    0x000025fa   0x000025fa   0x0000001a   Code   RO         1686    i.__ARM_common_switch8  ht32f5xxxx_ckcu.o
    0x00002614   0x00002614   0x0000000e   Code   RO         7040    i.__scatterload_copy  mc_p.l(handlers.o)
    0x00002622   0x00002622   0x00000002   Code   RO         7041    i.__scatterload_null  mc_p.l(handlers.o)
    0x00002624   0x00002624   0x0000000e   Code   RO         7042    i.__scatterload_zeroinit  mc_p.l(handlers.o)
    0x00002632   0x00002632   0x00000002   PAD
    0x00002634   0x00002634   0x00000158   Code   RO         6906    i._fp_digits        mc_p.l(printfa.o)
    0x0000278c   0x0000278c   0x000006ec   Code   RO         6907    i._printf_core      mc_p.l(printfa.o)
    0x00002e78   0x00002e78   0x00000020   Code   RO         6908    i._printf_post_padding  mc_p.l(printfa.o)
    0x00002e98   0x00002e98   0x0000002c   Code   RO         6909    i._printf_pre_padding  mc_p.l(printfa.o)
    0x00002ec4   0x00002ec4   0x00000016   Code   RO         6910    i._snputc           mc_p.l(printfa.o)
    0x00002eda   0x00002eda   0x0000000a   Code   RO         6911    i._sputc            mc_p.l(printfa.o)
    0x00002ee4   0x00002ee4   0x00000070   Code   RO         4447    i.all_key           4g.o
    0x00002f54   0x00002f54   0x000000a0   Code   RO         4552    i.battery_adc       ads1115.o
    0x00002ff4   0x00002ff4   0x00000016   Code   RO         6268    i.bucket_is_empty   jansson_CM0LE.lib(hashtable.o)
    0x0000300a   0x0000300a   0x00000002   PAD
    0x0000300c   0x0000300c   0x00000014   Code   RO         4448    i.check_string_for_22  4g.o
    0x00003020   0x00003020   0x00000394   Code   RO         5767    i.do_dump           jansson_CM0LE.lib(dump.o)
    0x000033b4   0x000033b4   0x00000060   Code   RO         5768    i.dump_indent       jansson_CM0LE.lib(dump.o)
    0x00003414   0x00003414   0x0000014c   Code   RO         5769    i.dump_string       jansson_CM0LE.lib(dump.o)
    0x00003560   0x00003560   0x00000010   Code   RO         5771    i.dump_to_strbuffer  jansson_CM0LE.lib(dump.o)
    0x00003570   0x00003570   0x0000004c   Code   RO         4449    i.extract_time_string  4g.o
    0x000035bc   0x000035bc   0x00000024   Code   RO          423    i.fputc             usart1.o
    0x000035e0   0x000035e0   0x00000054   Code   RO         6927    i.free              mc_p.l(malloc.o)
    0x00003634   0x00003634   0x00000030   Code   RO         4213    i.freertos_start    freertos_demo.o
    0x00003664   0x00003664   0x00000144   Code   RO         6269    i.hashlittle        jansson_CM0LE.lib(hashtable.o)
    0x000037a8   0x000037a8   0x00000010   Code   RO         6271    i.hashtable_close   jansson_CM0LE.lib(hashtable.o)
    0x000037b8   0x000037b8   0x00000022   Code   RO         6273    i.hashtable_do_clear  jansson_CM0LE.lib(hashtable.o)
    0x000037da   0x000037da   0x00000076   Code   RO         6275    i.hashtable_do_rehash  jansson_CM0LE.lib(hashtable.o)
    0x00003850   0x00003850   0x0000003c   Code   RO         6276    i.hashtable_find_pair  jansson_CM0LE.lib(hashtable.o)
    0x0000388c   0x0000388c   0x00000040   Code   RO         6277    i.hashtable_get     jansson_CM0LE.lib(hashtable.o)
    0x000038cc   0x000038cc   0x00000048   Code   RO         6278    i.hashtable_init    jansson_CM0LE.lib(hashtable.o)
    0x00003914   0x00003914   0x0000000c   Code   RO         6279    i.hashtable_iter    jansson_CM0LE.lib(hashtable.o)
    0x00003920   0x00003920   0x00000004   Code   RO         6281    i.hashtable_iter_key  jansson_CM0LE.lib(hashtable.o)
    0x00003924   0x00003924   0x0000000e   Code   RO         6282    i.hashtable_iter_next  jansson_CM0LE.lib(hashtable.o)
    0x00003932   0x00003932   0x00000004   Code   RO         6283    i.hashtable_iter_serial  jansson_CM0LE.lib(hashtable.o)
    0x00003936   0x00003936   0x00000004   Code   RO         6285    i.hashtable_iter_value  jansson_CM0LE.lib(hashtable.o)
    0x0000393a   0x0000393a   0x00000002   PAD
    0x0000393c   0x0000393c   0x000000ac   Code   RO         6286    i.hashtable_set     jansson_CM0LE.lib(hashtable.o)
    0x000039e8   0x000039e8   0x0000002a   Code   RO         6287    i.insert_to_bucket  jansson_CM0LE.lib(hashtable.o)
    0x00003a12   0x00003a12   0x0000001c   Code   RO         5879    i.json_array_get    jansson_CM0LE.lib(value.o)
    0x00003a2e   0x00003a2e   0x00000012   Code   RO         5884    i.json_array_size   jansson_CM0LE.lib(value.o)
    0x00003a40   0x00003a40   0x00000018   Code   RO         5886    i.json_decref       jansson_CM0LE.lib(value.o)
    0x00003a58   0x00003a58   0x00000018   Code   RO         6288    i.json_decref       jansson_CM0LE.lib(hashtable.o)
    0x00003a70   0x00003a70   0x00000054   Code   RO         5888    i.json_delete       jansson_CM0LE.lib(value.o)
    0x00003ac4   0x00003ac4   0x0000002a   Code   RO         5772    i.json_dump_callback  jansson_CM0LE.lib(dump.o)
    0x00003aee   0x00003aee   0x00000002   PAD
    0x00003af0   0x00003af0   0x00000044   Code   RO         5775    i.json_dumps        jansson_CM0LE.lib(dump.o)
    0x00003b34   0x00003b34   0x0000001c   Code   RO         5892    i.json_integer      jansson_CM0LE.lib(value.o)
    0x00003b50   0x00003b50   0x00000018   Code   RO         5894    i.json_integer_value  jansson_CM0LE.lib(value.o)
    0x00003b68   0x00003b68   0x0000004c   Code   RO         5897    i.json_object       jansson_CM0LE.lib(value.o)
    0x00003bb4   0x00003bb4   0x0000001c   Code   RO         5902    i.json_object_get   jansson_CM0LE.lib(value.o)
    0x00003bd0   0x00003bd0   0x00000018   Code   RO         5903    i.json_object_iter  jansson_CM0LE.lib(value.o)
    0x00003be8   0x00003be8   0x0000000c   Code   RO         5905    i.json_object_iter_key  jansson_CM0LE.lib(value.o)
    0x00003bf4   0x00003bf4   0x0000001c   Code   RO         5906    i.json_object_iter_next  jansson_CM0LE.lib(value.o)
    0x00003c10   0x00003c10   0x0000000c   Code   RO         5908    i.json_object_iter_value  jansson_CM0LE.lib(value.o)
    0x00003c1c   0x00003c1c   0x00000028   Code   RO         6601    i.json_object_seed  jansson_CM0LE.lib(hashtable_seed.o)
    0x00003c44   0x00003c44   0x00000034   Code   RO         5910    i.json_object_set_new  jansson_CM0LE.lib(value.o)
    0x00003c78   0x00003c78   0x00000040   Code   RO         5911    i.json_object_set_new_nocheck  jansson_CM0LE.lib(value.o)
    0x00003cb8   0x00003cb8   0x00000012   Code   RO         5913    i.json_object_size  jansson_CM0LE.lib(value.o)
    0x00003cca   0x00003cca   0x00000018   Code   RO         5919    i.json_real_value   jansson_CM0LE.lib(value.o)
    0x00003ce2   0x00003ce2   0x00000018   Code   RO         5920    i.json_string       jansson_CM0LE.lib(value.o)
    0x00003cfa   0x00003cfa   0x00000012   Code   RO         5922    i.json_string_length  jansson_CM0LE.lib(value.o)
    0x00003d0c   0x00003d0c   0x00000012   Code   RO         5928    i.json_string_value  jansson_CM0LE.lib(value.o)
    0x00003d1e   0x00003d1e   0x00000020   Code   RO         5929    i.json_stringn      jansson_CM0LE.lib(value.o)
    0x00003d3e   0x00003d3e   0x00000002   PAD
    0x00003d40   0x00003d40   0x000000a0   Code   RO         6531    i.jsonp_dtostr      jansson_CM0LE.lib(strconv.o)
    0x00003de0   0x00003de0   0x00000010   Code   RO         6426    i.jsonp_free        jansson_CM0LE.lib(memory.o)
    0x00003df0   0x00003df0   0x00000010   Code   RO         6427    i.jsonp_malloc      jansson_CM0LE.lib(memory.o)
    0x00003e00   0x00003e00   0x00000012   Code   RO         6428    i.jsonp_strdup      jansson_CM0LE.lib(memory.o)
    0x00003e12   0x00003e12   0x00000024   Code   RO         6429    i.jsonp_strndup     jansson_CM0LE.lib(memory.o)
    0x00003e36   0x00003e36   0x0000000e   Code   RO         6289    i.list_insert       jansson_CM0LE.lib(hashtable.o)
    0x00003e44   0x00003e44   0x00000080   Code   RO          201    i.main              main.o
    0x00003ec4   0x00003ec4   0x0000006c   Code   RO         6928    i.malloc            mc_p.l(malloc.o)
    0x00003f30   0x00003f30   0x0000000c   Code   RO         5776    i.object_key_compare_keys  jansson_CM0LE.lib(dump.o)
    0x00003f3c   0x00003f3c   0x0000001a   Code   RO         5777    i.object_key_compare_serials  jansson_CM0LE.lib(dump.o)
    0x00003f56   0x00003f56   0x00000002   PAD
    0x00003f58   0x00003f58   0x000000e8   Code   RO         4343    i.print_today_course_table  wl-125.o
    0x00004040   0x00004040   0x00000068   Code   RO         4344    i.printf_course_table  wl-125.o
    0x000040a8   0x000040a8   0x00000074   Code   RO         5266    i.prvAddCurrentTaskToDelayedList  tasks.o
    0x0000411c   0x0000411c   0x000000d4   Code   RO         5267    i.prvAddNewTaskToReadyList  tasks.o
    0x000041f0   0x000041f0   0x00000050   Code   RO         5614    i.prvCheckForValidListAndQueue  timers.o
    0x00004240   0x00004240   0x00000026   Code   RO         4912    i.prvCopyDataFromQueue  queue.o
    0x00004266   0x00004266   0x00000012   Code   RO         5268    i.prvDeleteTCB      tasks.o
    0x00004278   0x00004278   0x00000040   Code   RO         4707    i.prvHeapInit       heap_4.o
    0x000042b8   0x000042b8   0x00000048   Code   RO         5269    i.prvIdleTask       tasks.o
    0x00004300   0x00004300   0x00000084   Code   RO         5270    i.prvInitialiseNewTask  tasks.o
    0x00004384   0x00004384   0x0000004c   Code   RO         4708    i.prvInsertBlockIntoFreeList  heap_4.o
    0x000043d0   0x000043d0   0x00000038   Code   RO         5615    i.prvInsertTimerInActiveList  timers.o
    0x00004408   0x00004408   0x0000001c   Code   RO         4914    i.prvIsQueueEmpty   queue.o
    0x00004424   0x00004424   0x0000003c   Code   RO         5616    i.prvProcessExpiredTimer  timers.o
    0x00004460   0x00004460   0x000000dc   Code   RO         5617    i.prvProcessReceivedCommands  timers.o
    0x0000453c   0x0000453c   0x00000060   Code   RO         5618    i.prvProcessTimerOrBlockTask  timers.o
    0x0000459c   0x0000459c   0x00000028   Code   RO         5619    i.prvReloadTimer    timers.o
    0x000045c4   0x000045c4   0x00000020   Code   RO         5272    i.prvResetNextTaskUnblockTime  tasks.o
    0x000045e4   0x000045e4   0x00000044   Code   RO         5620    i.prvSampleTimeNow  timers.o
    0x00004628   0x00004628   0x00000014   Code   RO         4631    i.prvTaskExitError  port.o
    0x0000463c   0x0000463c   0x0000002c   Code   RO         5621    i.prvTimerTask      timers.o
    0x00004668   0x00004668   0x00000070   Code   RO         4915    i.prvUnlockQueue    queue.o
    0x000046d8   0x000046d8   0x000000ac   Code   RO         4710    i.pvPortMalloc      heap_4.o
    0x00004784   0x00004784   0x00000020   Code   RO         4632    i.pxPortInitialiseStack  port.o
    0x000047a4   0x000047a4   0x00000004   Code   RO         5755    i.seed_from_timestamp_and_pid  jansson_config.o
    0x000047a8   0x000047a8   0x00000078   Code   RO         4214    i.start_task        freertos_demo.o
    0x00004820   0x00004820   0x00000070   Code   RO         6473    i.strbuffer_append_bytes  jansson_CM0LE.lib(strbuffer.o)
    0x00004890   0x00004890   0x00000018   Code   RO         6475    i.strbuffer_close   jansson_CM0LE.lib(strbuffer.o)
    0x000048a8   0x000048a8   0x00000022   Code   RO         6476    i.strbuffer_init    jansson_CM0LE.lib(strbuffer.o)
    0x000048ca   0x000048ca   0x00000004   Code   RO         6479    i.strbuffer_value   jansson_CM0LE.lib(strbuffer.o)
    0x000048ce   0x000048ce   0x0000003e   Code   RO         5933    i.string_create     jansson_CM0LE.lib(value.o)
    0x0000490c   0x0000490c   0x0000003c   Code   RO         4215    i.task1             freertos_demo.o
    0x00004948   0x00004948   0x00000060   Code   RO         4216    i.task2             freertos_demo.o
    0x000049a8   0x000049a8   0x0000004c   Code   RO         4217    i.task3             freertos_demo.o
    0x000049f4   0x000049f4   0x00000040   Code   RO         4451    i.test_4G           4g.o
    0x00004a34   0x00004a34   0x0000003c   Code   RO         6562    i.utf8_check_first  jansson_CM0LE.lib(utf.o)
    0x00004a70   0x00004a70   0x00000088   Code   RO         6563    i.utf8_check_full   jansson_CM0LE.lib(utf.o)
    0x00004af8   0x00004af8   0x0000003e   Code   RO         6564    i.utf8_check_string  jansson_CM0LE.lib(utf.o)
    0x00004b36   0x00004b36   0x00000040   Code   RO         6566    i.utf8_iterate      jansson_CM0LE.lib(utf.o)
    0x00004b76   0x00004b76   0x00000026   Code   RO         4875    i.uxListRemove      list.o
    0x00004b9c   0x00004b9c   0x00000020   Code   RO         4220    i.vApplicationStackOverflowHook  freertos_demo.o
    0x00004bbc   0x00004bbc   0x00000016   Code   RO         4876    i.vListInitialise   list.o
    0x00004bd2   0x00004bd2   0x00000006   Code   RO         4877    i.vListInitialiseItem  list.o
    0x00004bd8   0x00004bd8   0x00000030   Code   RO         4878    i.vListInsert       list.o
    0x00004c08   0x00004c08   0x00000018   Code   RO         4879    i.vListInsertEnd    list.o
    0x00004c20   0x00004c20   0x00000018   Code   RO         4634    i.vPortEnterCritical  port.o
    0x00004c38   0x00004c38   0x0000001c   Code   RO         4635    i.vPortExitCritical  port.o
    0x00004c54   0x00004c54   0x00000048   Code   RO         4711    i.vPortFree         heap_4.o
    0x00004c9c   0x00004c9c   0x00000028   Code   RO         4636    i.vPortSetupTimerInterrupt  port.o
    0x00004cc4   0x00004cc4   0x00000018   Code   RO         4637    i.vPortYield        port.o
    0x00004cdc   0x00004cdc   0x00000044   Code   RO         4921    i.vQueueAddToRegistry  queue.o
    0x00004d20   0x00004d20   0x00000044   Code   RO         4925    i.vQueueWaitForMessageRestricted  queue.o
    0x00004d64   0x00004d64   0x00000030   Code   RO         5283    i.vTaskDelay        tasks.o
    0x00004d94   0x00004d94   0x00000080   Code   RO         5284    i.vTaskDelete       tasks.o
    0x00004e14   0x00004e14   0x00000010   Code   RO         5288    i.vTaskInternalSetTimeOutState  tasks.o
    0x00004e24   0x00004e24   0x0000000c   Code   RO         5289    i.vTaskMissedYield  tasks.o
    0x00004e30   0x00004e30   0x00000024   Code   RO         5290    i.vTaskPlaceOnEventList  tasks.o
    0x00004e54   0x00004e54   0x00000048   Code   RO         5291    i.vTaskPlaceOnEventListRestricted  tasks.o
    0x00004e9c   0x00004e9c   0x00000058   Code   RO         5299    i.vTaskStartScheduler  tasks.o
    0x00004ef4   0x00004ef4   0x00000010   Code   RO         5301    i.vTaskSuspendAll   tasks.o
    0x00004f04   0x00004f04   0x0000006c   Code   RO         5302    i.vTaskSwitchContext  tasks.o
    0x00004f70   0x00004f70   0x00000030   Code   RO         4638    i.xPortStartScheduler  port.o
    0x00004fa0   0x00004fa0   0x00000024   Code   RO         4639    i.xPortSysTickHandler  port.o
    0x00004fc4   0x00004fc4   0x00000052   Code   RO         4928    i.xQueueGenericCreate  queue.o
    0x00005016   0x00005016   0x00000086   Code   RO         4929    i.xQueueGenericReset  queue.o
    0x0000509c   0x0000509c   0x00000104   Code   RO         4938    i.xQueueReceive     queue.o
    0x000051a0   0x000051a0   0x00000060   Code   RO         5304    i.xTaskCheckForTimeOut  tasks.o
    0x00005200   0x00005200   0x00000054   Code   RO         5305    i.xTaskCreate       tasks.o
    0x00005254   0x00005254   0x00000020   Code   RO         5312    i.xTaskGetSchedulerState  tasks.o
    0x00005274   0x00005274   0x0000000c   Code   RO         5313    i.xTaskGetTickCount  tasks.o
    0x00005280   0x00005280   0x0000011c   Code   RO         5315    i.xTaskIncrementTick  tasks.o
    0x0000539c   0x0000539c   0x000000c8   Code   RO         5318    i.xTaskRemoveFromEventList  tasks.o
    0x00005464   0x00005464   0x00000100   Code   RO         5319    i.xTaskResumeAll    tasks.o
    0x00005564   0x00005564   0x00000040   Code   RO         5629    i.xTimerCreateTimerTask  timers.o
    0x000055a4   0x000055a4   0x00000021   Data   RO         5778    .constdata          jansson_CM0LE.lib(dump.o)
    0x000055c5   0x000055c5   0x00000003   PAD
    0x000055c8   0x000055c8   0x00000020   Data   RO         7038    Region$$Table       anon$$obj.o


    Execution Region ER_RW (Exec base: 0x20000000, Load base: 0x000055e8, Size: 0x00000350, Max: 0xffffffff, ABSOLUTE, COMPRESSED[0x0000011c])

    Exec Addr    Load Addr    Size         Type   Attr      Idx    E Section Name        Object

    0x20000000   COMPRESSED   0x00000007   Data   RW          428    .data               usart1.o
    0x20000007   COMPRESSED   0x00000004   Data   RW          556    .data               usart0.o
    0x2000000b   COMPRESSED   0x00000001   PAD
    0x2000000c   COMPRESSED   0x00000004   Data   RW          746    .data               system_ht32f5xxxx_01.o
    0x20000010   COMPRESSED   0x00000004   Data   RW          789    .data               ht32_retarget.o
    0x20000014   COMPRESSED   0x00000010   Data   RW         4221    .data               freertos_demo.o
    0x20000024   COMPRESSED   0x00000002   Data   RW         4346    .data               wl-125.o
    0x20000026   COMPRESSED   0x0000029f   Data   RW         4455    .data               4g.o
    0x200002c5   COMPRESSED   0x00000003   PAD
    0x200002c8   COMPRESSED   0x00000004   Data   RW         4640    .data               port.o
    0x200002cc   COMPRESSED   0x0000001c   Data   RW         4717    .data               heap_4.o
    0x200002e8   COMPRESSED   0x00000040   Data   RW         5322    .data               tasks.o
    0x20000328   COMPRESSED   0x00000014   Data   RW         5637    .data               timers.o
    0x2000033c   COMPRESSED   0x00000008   Data   RW         6430    .data               jansson_CM0LE.lib(memory.o)
    0x20000344   COMPRESSED   0x00000004   Data   RW         6602    .data               jansson_CM0LE.lib(hashtable_seed.o)
    0x20000348   COMPRESSED   0x00000004   Data   RW         7006    .data               mc_p.l(mvars.o)
    0x2000034c   COMPRESSED   0x00000004   Data   RW         7007    .data               mc_p.l(mvars.o)


    Execution Region ER_ZI (Exec base: 0x20000350, Load base: 0x00005704, Size: 0x00003ae8, Max: 0xffffffff, ABSOLUTE)

    Exec Addr    Load Addr    Size         Type   Attr      Idx    E Section Name        Object

    0x20000350        -       0x0000041e   Zero   RW          424    .bss                usart1.o
    0x2000076e   0x00005704   0x00000002   PAD
    0x20000770        -       0x0000021e   Zero   RW          555    .bss                usart0.o
    0x2000098e   0x00005704   0x00000002   PAD
    0x20000990        -       0x0000020e   Zero   RW          632    .bss                uart0.o
    0x20000b9e   0x00005704   0x00000002   PAD
    0x20000ba0        -       0x0000020e   Zero   RW          687    .bss                uart1.o
    0x20000dae        -       0x00000358   Zero   RW         4452    .bss                4g.o
    0x20001106        -       0x00002000   Zero   RW         4716    .bss                heap_4.o
    0x20003106   0x00005704   0x00000002   PAD
    0x20003108        -       0x00000040   Zero   RW         4942    .bss                queue.o
    0x20003148        -       0x000000c8   Zero   RW         5321    .bss                tasks.o
    0x20003210        -       0x00000028   Zero   RW         5636    .bss                timers.o
    0x20003238        -       0x00000800   Zero   RW          778    HEAP                startup_ht32f5xxxx_01.o
    0x20003a38        -       0x00000400   Zero   RW          777    STACK               startup_ht32f5xxxx_01.o


==============================================================================

Image component sizes


      Code (inc. data)   RO Data    RW Data    ZI Data      Debug   Object Name

      1300        266          0        671        856      11159   4g.o
       924        124          0          0          0       7480   ads1115.o
        54          4          0          0          0       1296   delay.o
       432        226          0         16          0      18368   freertos_demo.o
      1076         16          0          0          0      29617   gpio.o
       384         22          0         28       8192       7303   heap_4.o
         0          0          0          4          0       2058   ht32_retarget.o
        20          0          0          0          0      35068   ht32f5xxxx_01_it.o
       286         40          0          0          0      11608   ht32f5xxxx_ckcu.o
       180          6          0          0          0       9344   ht32f5xxxx_gpio.o
       216         18          0          0          0      13249   ht32f5xxxx_usart.o
         4          0          0          0          0        946   jansson_config.o
        40         12          0          0          0       1269   led.o
       138          0          0          0          0       3306   list.o
       128         54          0          0          0       4591   main.o
       374         56          0          4          0       7585   port.o
       790          4          0          0         64      11135   queue.o
       284        216          0          0       3072        704   startup_ht32f5xxxx_01.o
       232         22          0          4          0       1979   system_ht32f5xxxx_01.o
      2070        140          0         64        200      25198   tasks.o
       728         74          0         20         40      10478   timers.o
       176         20          0          0        526       1933   uart0.o
       230         28          0          0        526       3263   uart1.o
       346         24          0          4        542       4838   usart0.o
       596        110          0          7       1054      11887   usart1.o
        56         28          0          0          0       1048   usarthmi.o
      2016        640          0          2          0       5093   wl-125.o

    ----------------------------------------------------------------------
     13096       2150         32        828      15080     241803   Object Totals
         0          0         32          0          0          0   (incl. Generated)
        16          0          0          4          8          0   (incl. Padding)

    ----------------------------------------------------------------------

      Code (inc. data)   RO Data    RW Data    ZI Data      Debug   Library Member Name

      1508        162         33          0          0      17649   dump.o
      1000         32          0          0          0      17697   hashtable.o
        40          6          0          4          0       1280   hashtable_seed.o
        86          8          0          8          0       6121   memory.o
       174          4          0          0          0       2866   strbuffer.o
       160         10          0          0          0        783   strconv.o
       322         10          0          0          0       3520   utf.o
       698         12          0          0          0      19969   value.o
        86          0          0          0          0          0   __dczerorl2.o
         0          0          0          0          0          0   entry.o
         0          0          0          0          0          0   entry10a.o
         0          0          0          0          0          0   entry11a.o
         8          4          0          0          0          0   entry2.o
         4          0          0          0          0          0   entry5.o
         0          0          0          0          0          0   entry7b.o
         0          0          0          0          0          0   entry8b.o
         8          4          0          0          0          0   entry9a.o
        30          0          0          0          0          0   handlers.o
        36          8          0          0          0         68   init.o
         0          0          0          0          0          0   iusefp.o
        32          0          0          0          0         68   llshl.o
        38          0          0          0          0         68   llsshr.o
        34          0          0          0          0         68   llushr.o
       192         20          0          0          0        144   malloc.o
        26          0          0          0          0         72   memcmp.o
        64          0          0          0          0         68   memmovea.o
        36          0          0          0          0        100   memseta.o
         0          0          0          8          0          0   mvars.o
      2340        108          0          0          0        700   printfa.o
       162          0          0          0          0         80   qsort.o
        20          0          0          0          0         60   strchr.o
        28          0          0          0          0         68   strcmp.o
        18          0          0          0          0         60   strcpy.o
        14          0          0          0          0         60   strlen.o
        40          0          0          0          0         72   strstr.o
        44          0          0          0          0         72   uidiv.o
        96          0          0          0          0         84   uldiv.o
        40          2          0          0          0         68   cdrcmple.o
        56          0          0          0          0         68   d2f.o
       356          4          0          0          0        140   dadd.o
       240          6          0          0          0         84   ddiv.o
       236          0          0          0          0        216   depilogue.o
        72         10          0          0          0         72   dfixi.o
        64         10          0          0          0         68   dfixul.o
        28          4          0          0          0         68   dfltui.o
       208          6          0          0          0         88   dmul.o
        40          0          0          0          0         60   f2d.o
       130          0          0          0          0        144   fepilogue.o

    ----------------------------------------------------------------------
      8828        430         36         20          0      72873   Library Totals
        14          0          3          0          0          0   (incl. Padding)

    ----------------------------------------------------------------------

      Code (inc. data)   RO Data    RW Data    ZI Data      Debug   Library Name

      3988        244         33         12          0      69885   jansson_CM0LE.lib
      3356        144          0          8          0       1912   mc_p.l
      1470         42          0          0          0       1076   mf_p.l

    ----------------------------------------------------------------------
      8828        430         36         20          0      72873   Library Totals

    ----------------------------------------------------------------------

==============================================================================


      Code (inc. data)   RO Data    RW Data    ZI Data      Debug   

     21924       2580         68        848      15080     304544   Grand Totals
     21924       2580         68        284      15080     304544   ELF Image Totals (compressed)
     21924       2580         68        284          0          0   ROM Totals

==============================================================================

    Total RO  Size (Code + RO Data)                21992 (  21.48kB)
    Total RW  Size (RW Data + ZI Data)             15928 (  15.55kB)
    Total ROM Size (Code + RO Data + RW Data)      22276 (  21.75kB)

==============================================================================

