<html>
<body>
<pre>
<h1>礦ision Build Log</h1>
<h2>Tool Versions:</h2>
IDE-Version: μVision V5.39.0.0
Copyright (C) 2023 ARM Ltd and ARM Germany GmbH. All rights reserved.
License Information: w chunyua, HP Inc., LIC=UJWP0-B0DFG-457T5-GA9KB-0SQ4E-JEYHL
 
Tool Versions:
Toolchain:       MDK-ARM Plus  Version: 5.39.0.0
Toolchain Path:  C:\Keil_v5\ARM\ARMCC\Bin
C Compiler:      Armcc.exe V5.05 update 1 (build 106)
Assembler:       Armasm.exe V5.05 update 1 (build 106)
Linker/Locator:  ArmLink.exe V5.05 update 1 (build 106)
Library Manager: ArmAr.exe V5.05 update 1 (build 106)
Hex Converter:   FromElf.exe V5.05 update 1 (build 106)
CPU DLL:         SARMCM3.DLL V5.39.0.0
Dialog DLL:      DARMCM1.DLL V1.19.6.0
Target DLL:      CMSIS_AGDI.dll V1.33.16.0
Dialog DLL:      TARMCM1.DLL V1.14.6.0
 
<h2>Project:</h2>
C:\Users\chuny\Desktop\比赛\合泰1\hetal复赛\最新版工程1.0(终)\project+usartHMI\base_1\project\MDK_ARMv5\project.uvprojx
Project File Date:  05/14/2025

<h2>Output:</h2>
*** Using Compiler 'V5.05 update 1 (build 106)', folder: 'C:\Keil_v5\ARM\ARMCC\Bin'
Build target 'HT32'
compiling main.c...
linking...
Program Size: Code=21924 RO-data=68 RW-data=848 ZI-data=15080  
FromELF: creating hex file...
After Build - User command #1: fromelf --bin -o "C:\Users\chuny\Desktop\比赛\合泰1\hetal复赛\最新版工程1.0(终)\project+usartHMI\base_1\project\MDK_ARMv5\HT32\52352\HT32.axf.bin" "C:\Users\chuny\Desktop\比赛\合泰1\hetal复赛\最新版工程1.0(终)\project+usartHMI\base_1\project\MDK_ARMv5\HT32\52352\HT32.axf"
".\HT32\52352\HT32.axf" - 0 Error(s), 0 Warning(s).

<h2>Software Packages used:</h2>

Package Vendor: Holtek
                https://mcu.holtek.com.tw/pack/Holtek.HT32_DFP.1.0.65.pack
                Holtek::HT32_DFP@1.0.65
                Holtek HT32 Family Support

Package Vendor: Keil
                http://www.keil.com/pack/Keil.Jansson.1.0.0.pack
                Keil::Jansson@1.0.0
                Jansson is a C library for encoding, decoding and manipulating JSON data
   * Component: Jansson Version: 2.7.0

<h2>Collection of Component include folders:</h2>
  ./RTE/_HT32
  C:/Keil_v5/ARM/Pack/Holtek/HT32_DFP/1.0.65/ARM/INC/Holtek/HT32F5xxxx
  C:/Keil_v5/ARM/Pack/Keil/Jansson/1.0.0/src

<h2>Collection of Component Files used:</h2>

   * Component: Keil::Data Exchange:JSON:Jansson@2.7.0
      Include file:  src/jansson.h
      Library file:  lib/jansson_CM0LE.lib
      Source file:   src/jansson_config.c
Build Time Elapsed:  00:00:01
</pre>
</body>
</html>
